Archive member included to satisfy reference by file (symbol)

C:/devkitPro/devkitPPC/bin/../lib/gcc/powerpc-eabi/13.1.0\libgcc.a(_lshrdi3.o)
                              keyboard.o (__lshrdi3)
C:/devkitPro/devkitPPC/bin/../lib/gcc/powerpc-eabi/13.1.0\libgcc.a(_divdi3.o)
                              con_anim.o (__divdi3)
C:/devkitPro/devkitPPC/bin/../lib/gcc/powerpc-eabi/13.1.0\libgcc.a(crtsavfpr.o)
                              common_ui.o (_savefpr_27)
C:/devkitPro/devkitPPC/bin/../lib/gcc/powerpc-eabi/13.1.0\libgcc.a(crtresxfpr.o)
                              common_ui.o (_restfpr_28_x)
C:/devkitPro/devkitPPC/bin/../lib/gcc/powerpc-eabi/13.1.0\libgcc.a(crtresxgpr.o)
                              console.o (_restgpr_15_x)

Discarded input sections

 .text          0x00000000        0x0 impossible_mode.o
 .data          0x00000000        0x0 impossible_mode.o
 .bss           0x00000000        0x0 impossible_mode.o
 .rodata.SetSeq_EH
                0x00000000        0x4 impossible_mode.o
 .rodata.SetSeq_BH
                0x00000000        0x4 impossible_mode.o
 .rodata.ItemAdd_EH
                0x00000000        0x4 impossible_mode.o
 .rodata.ItemAdd_BH
                0x00000000        0x4 impossible_mode.o
 .rodata.end_enemy_atk_EH
                0x00000000        0x4 impossible_mode.o
 .rodata.start_enemy_atk_BH
                0x00000000        0x4 impossible_mode.o
 .rodata.start_enemy_hp_2_EH
                0x00000000        0x4 impossible_mode.o
 .rodata.start_enemy_hp_2_BH
                0x00000000        0x4 impossible_mode.o
 .rodata.start_enemy_hp_EH
                0x00000000        0x4 impossible_mode.o
 .rodata.start_enemy_hp_BH
                0x00000000        0x4 impossible_mode.o
 .rodata.swSet_EH
                0x00000000        0x4 impossible_mode.o
 .rodata.swSet_BH
                0x00000000        0x4 impossible_mode.o
 .text          0x00000000        0x0 common_ui.o
 .data          0x00000000        0x0 common_ui.o
 .bss           0x00000000        0x0 common_ui.o
 .text._ZZN3mod20RegisterDrawCallbackEPFvvEN4ttyd7dispdrv8CameraIdEfENUlS4_PvE_4_FUNES4_S5_
                0x00000000        0x8 common_ui.o
 .text._ZN3mod20RegisterDrawCallbackEPFvvEN4ttyd7dispdrv8CameraIdEf
                0x00000000       0x18 common_ui.o
 .text._ZN3mod10DrawWindowEjfffff
                0x00000000       0x2c common_ui.o
 .text._ZN3mod22DrawCenteredTextWindowEPKcffhbjfjff
                0x00000000       0xd8 common_ui.o
 .text          0x00000000        0x0 con_anim.o
 .data          0x00000000        0x0 con_anim.o
 .bss           0x00000000        0x0 con_anim.o
 .text          0x00000000        0x0 con_event.o
 .data          0x00000000        0x0 con_event.o
 .bss           0x00000000        0x0 con_event.o
 .text          0x00000000        0x0 con_evt.o
 .data          0x00000000        0x0 con_evt.o
 .bss           0x00000000        0x0 con_evt.o
 .text          0x00000000        0x0 con_mario.o
 .data          0x00000000        0x0 con_mario.o
 .bss           0x00000000        0x0 con_mario.o
 .text          0x00000000        0x0 con_perf.o
 .data          0x00000000        0x0 con_perf.o
 .bss           0x00000000        0x0 con_perf.o
 .text          0x00000000        0x0 con_seq.o
 .data          0x00000000        0x0 con_seq.o
 .bss           0x00000000        0x0 con_seq.o
 .text          0x00000000        0x0 console.o
 .data          0x00000000        0x0 console.o
 .bss           0x00000000        0x0 console.o
 .text._ZN3mod13ConsoleSystem8logDebugEPKcz
                0x00000000       0xb0 console.o
 .text          0x00000000        0x0 cxx.o
 .data          0x00000000        0x0 cxx.o
 .bss           0x00000000        0x0 cxx.o
 .text._ZdlPv   0x00000000        0xc cxx.o
 .text._ZdaPv   0x00000000        0x4 cxx.o
 .text          0x00000000        0x0 keyboard.o
 .data          0x00000000        0x0 keyboard.o
 .bss           0x00000000        0x0 keyboard.o
 .text._ZN3mod8Keyboard10setChannelEi
                0x00000000       0x48 keyboard.o
 .text          0x00000000        0x0 mod.o
 .data          0x00000000        0x0 mod.o
 .bss           0x00000000        0x0 mod.o
 .text._ZN3mod3Mod4drawEv
                0x00000000        0x4 mod.o
 .text          0x00000000        0x0 patch.o
 .data          0x00000000        0x0 patch.o
 .bss           0x00000000        0x0 patch.o
 .text._ZN3mod5patch15writeBranchPairEPvS1_S1_
                0x00000000       0x3c patch.o
 .text          0x00000000        0x0 patches_core.o
 .data          0x00000000        0x0 patches_core.o
 .bss           0x00000000        0x0 patches_core.o
 .text.onMapUnload
                0x00000000        0x4 patches_core.o
 .text._ZN3mod12infinite_pit4core10OnFileLoadEb
                0x00000000        0x4 patches_core.o
 .text._ZN3mod12infinite_pit4core17ApplyFixedPatchesEv
                0x00000000        0x4 patches_core.o
 .rodata._ZN3mod12infinite_pit4core7LoadMapEv.str1.1
                0x00000000       0x2d patches_core.o
 .text._ZN3mod12infinite_pit4core7LoadMapEv
                0x00000000      0x200 patches_core.o
 .text.mapLoad  0x00000000        0x4 patches_core.o
 .text._ZN3mod12infinite_pit4core13OnMapUnloadedEv
                0x00000000        0x4 patches_core.o
 .rodata.g_seq_mapChangeMain_MapLoad_EH
                0x00000000        0x4 patches_core.o
 .rodata.g_seq_mapChangeMain_MapLoad_BH
                0x00000000        0x4 patches_core.o
 .rodata.g_seq_mapChangeMain_OnMapUnload_BH
                0x00000000        0x4 patches_core.o
 .text          0x00000000        0x0 rel.o
 .data          0x00000000        0x0 rel.o
 .bss           0x00000000        0x0 rel.o
 .text          0x00000000        0x0 reload.o
 .data          0x00000000        0x0 reload.o
 .bss           0x00000000        0x0 reload.o
 .text._Z11resolveFadej
                0x00000000      0x158 reload.o
 .rodata._Z11resolveFadej
                0x00000000       0xf8 reload.o
 .text._Z19checkForSpecificSeqN4ttyd6seqdrv8SeqIndexE
                0x00000000       0x48 reload.o
 .text._Z15setSeqMapChangePKcS0_
                0x00000000       0x10 reload.o
 .text._Z23checkIfSystemLevelIsSetv
                0x00000000       0x34 reload.o
 .text._Z14reloadRoomMainv
                0x00000000      0x100 reload.o
 .bss.ReloadRoom
                0x00000000       0x1c reload.o
 .text          0x00000000        0x0 ug.o
 .data          0x00000000        0x0 ug.o
 .bss           0x00000000        0x0 ug.o
 .text          0x00000000        0x0 util.o
 .data          0x00000000        0x0 util.o
 .bss           0x00000000        0x0 util.o
 .data          0x00000000        0x0 enemy_attack_hook.o
 .bss           0x00000000        0x0 enemy_attack_hook.o
 .data          0x00000000        0x0 enemy_hp_hook.o
 .bss           0x00000000        0x0 enemy_hp_hook.o
 .data          0x00000000        0x0 patch_ih.o
 .bss           0x00000000        0x0 patch_ih.o
 .text          0x00000000        0x0 C:/devkitPro/devkitPPC/bin/../lib/gcc/powerpc-eabi/13.1.0\libgcc.a(_lshrdi3.o)
 .data          0x00000000        0x0 C:/devkitPro/devkitPPC/bin/../lib/gcc/powerpc-eabi/13.1.0\libgcc.a(_lshrdi3.o)
 .bss           0x00000000        0x0 C:/devkitPro/devkitPPC/bin/../lib/gcc/powerpc-eabi/13.1.0\libgcc.a(_lshrdi3.o)
 .text          0x00000000        0x0 C:/devkitPro/devkitPPC/bin/../lib/gcc/powerpc-eabi/13.1.0\libgcc.a(_divdi3.o)
 .data          0x00000000        0x0 C:/devkitPro/devkitPPC/bin/../lib/gcc/powerpc-eabi/13.1.0\libgcc.a(_divdi3.o)
 .bss           0x00000000        0x0 C:/devkitPro/devkitPPC/bin/../lib/gcc/powerpc-eabi/13.1.0\libgcc.a(_divdi3.o)
 .data          0x00000000        0x0 C:/devkitPro/devkitPPC/bin/../lib/gcc/powerpc-eabi/13.1.0\libgcc.a(crtsavfpr.o)
 .bss           0x00000000        0x0 C:/devkitPro/devkitPPC/bin/../lib/gcc/powerpc-eabi/13.1.0\libgcc.a(crtsavfpr.o)
 .data          0x00000000        0x0 C:/devkitPro/devkitPPC/bin/../lib/gcc/powerpc-eabi/13.1.0\libgcc.a(crtresxfpr.o)
 .bss           0x00000000        0x0 C:/devkitPro/devkitPPC/bin/../lib/gcc/powerpc-eabi/13.1.0\libgcc.a(crtresxfpr.o)
 .data          0x00000000        0x0 C:/devkitPro/devkitPPC/bin/../lib/gcc/powerpc-eabi/13.1.0\libgcc.a(crtresxgpr.o)
 .bss           0x00000000        0x0 C:/devkitPro/devkitPPC/bin/../lib/gcc/powerpc-eabi/13.1.0\libgcc.a(crtresxgpr.o)

Memory Configuration

Name             Origin             Length             Attributes
*default*        0x00000000         0xffffffff

Linker script and memory map

                0x80003100                        . = 0x80003100

.init
 *crt0.o(*.init)
 *(.init)

.plt
 *(.plt)

.interp
 *(.interp)

.hash
 *(.hash)

.dynsym
 *(.dynsym)

.dynstr
 *(.dynstr)

.gnu.version
 *(.gnu.version)

.gnu.version_d
 *(.gnu.version_d)

.gnu.version_r
 *(.gnu.version_r)

.rel.init
 *(.rel.init)

.rela.init
 *(.rela.init)

.rel.text
 *(.rel.text .rel.text.* .rel.gnu.linkonce.t.*)

.rela.text
 *(.rela.text .rela.text.* .rela.gnu.linkonce.t.*)

.rel.fini
 *(.rel.fini)

.rela.fini
 *(.rela.fini)

.rel.rodata
 *(.rel.rodata .rel.rodata.* .rel.gnu.linkonce.r.*)

.rela.rodata
 *(.rela.rodata .rela.rodata.* .rela.gnu.linkonce.r.*)

.rel.data
 *(.rel.data .rel.data.* .rel.gnu.linkonce.d.*)

.rela.data
 *(.rela.data .rela.data.* .rela.gnu.linkonce.d.*)

.rel.tdata
 *(.rel.tdata .rel.tdata.* .rel.gnu.linkonce.td.*)

.rela.tdata
 *(.rela.tdata .rela.tdata.* .rela.gnu.linkonce.td.*)

.rel.tbss
 *(.rel.tbss .rel.tbss.* .rel.gnu.linkonce.tb.*)

.rela.tbss
 *(.rela.tbss .rela.tbss.* .rela.gnu.linkonce.tb.*)

.rel.ctors
 *(.rel.ctors)

.rela.ctors
 *(.rela.ctors)

.rel.dtors
 *(.rel.dtors)

.rela.dtors
 *(.rela.dtors)

.rel.got
 *(.rel.got)

.rela.got
 *(.rela.got)

.rela.got1
 *(.rela.got1)

.rela.got2
 *(.rela.got2)

.rel.sdata
 *(.rel.sdata .rel.sdata.* .rel.gnu.linkonce.s.*)

.rela.sdata
 *(.rela.sdata .rela.sdata.* .rela.gnu.linkonce.s.*)

.rel.sbss
 *(.rel.sbss .rel.sbss.* .rel.gnu.linkonce.sb.*)

.rela.sbss
 *(.rela.sbss .rela.sbss.* .rel.gnu.linkonce.sb.*)

.rel.sdata2
 *(.rel.sdata2 .rel.sdata2.* .rel.gnu.linkonce.s2.*)

.rela.sdata2
 *(.rela.sdata2 .rela.sdata2.* .rela.gnu.linkonce.s2.*)

.rel.sbss2
 *(.rel.sbss2 .rel.sbss2.* .rel.gnu.linkonce.sb2.*)

.rela.sbss2
 *(.rela.sbss2 .rela.sbss2.* .rela.gnu.linkonce.sb2.*)

.rel.bss
 *(.rel.bss .rel.bss.* .rel.gnu.linkonce.b.*)

.rela.bss
 *(.rela.bss .rela.bss.* .rela.gnu.linkonce.b.*)

.rel.plt
 *(.rel.plt)

.rela.plt
 *(.rela.plt)

.text           0x80003100     0x3660
 *(.text)
 .text          0x80003100       0x9c enemy_attack_hook.o
                0x80003100                start_enemy_atk
                0x80003198                end_enemy_atk
 .text          0x8000319c       0x7c enemy_hp_hook.o
                0x8000319c                start_enemy_hp
                0x800031f8                end_enemy_hp
                0x800031fc                start_enemy_hp_2
                0x80003214                end_enemy_hp_2
 .text          0x80003218       0x7c patch_ih.o
                0x80003218                patchInstructionHookSaveContextAndHandle
 .text          0x80003294       0x4c C:/devkitPro/devkitPPC/bin/../lib/gcc/powerpc-eabi/13.1.0\libgcc.a(crtsavfpr.o)
                0x80003294                _savefpr_14
                0x80003298                _savefpr_15
                0x8000329c                _savefpr_16
                0x800032a0                _savefpr_17
                0x800032a4                _savefpr_18
                0x800032a8                _savefpr_19
                0x800032ac                _savefpr_20
                0x800032b0                _savefpr_21
                0x800032b4                _savefpr_22
                0x800032b8                _savefpr_23
                0x800032bc                _savefpr_24
                0x800032c0                _savefpr_25
                0x800032c4                _savefpr_26
                0x800032c8                _savefpr_27
                0x800032cc                _savefpr_28
                0x800032d0                _savefpr_29
                0x800032d4                _savefpr_30
                0x800032d8                _savefpr_31
 .text          0x800032e0       0x58 C:/devkitPro/devkitPPC/bin/../lib/gcc/powerpc-eabi/13.1.0\libgcc.a(crtresxfpr.o)
                0x800032e0                _restfpr_14_x
                0x800032e4                _restfpr_15_x
                0x800032e8                _restfpr_16_x
                0x800032ec                _restfpr_17_x
                0x800032f0                _restfpr_18_x
                0x800032f4                _restfpr_19_x
                0x800032f8                _restfpr_20_x
                0x800032fc                _restfpr_21_x
                0x80003300                _restfpr_22_x
                0x80003304                _restfpr_23_x
                0x80003308                _restfpr_24_x
                0x8000330c                _restfpr_25_x
                0x80003310                _restfpr_26_x
                0x80003314                _restfpr_27_x
                0x80003318                _restfpr_28_x
                0x8000331c                _restfpr_29_x
                0x80003320                _restfpr_30_x
                0x80003324                _restfpr_31_x
 .text          0x80003338       0x58 C:/devkitPro/devkitPPC/bin/../lib/gcc/powerpc-eabi/13.1.0\libgcc.a(crtresxgpr.o)
                0x80003338                _restgpr_14_x
                0x8000333c                _restgpr_15_x
                0x80003340                _restgpr_16_x
                0x80003344                _restgpr_17_x
                0x80003348                _restgpr_18_x
                0x8000334c                _restgpr_19_x
                0x80003350                _restgpr_20_x
                0x80003354                _restgpr_21_x
                0x80003358                _restgpr_22_x
                0x8000335c                _restgpr_23_x
                0x80003360                _restgpr_24_x
                0x80003364                _restgpr_25_x
                0x80003368                _restgpr_26_x
                0x8000336c                _restgpr_27_x
                0x80003370                _restgpr_28_x
                0x80003374                _restgpr_29_x
                0x80003378                _restgpr_30_x
                0x8000337c                _restgpr_31_x
 *(.text.*)
 .text._ZN3mod11drawModMainEv
                0x80003390      0x138 impossible_mode.o
                0x80003390                _ZN3mod11drawModMainEv
 .text._ZN3mod16TattleAllEnemiesEv
                0x800034c8       0x8c impossible_mode.o
                0x800034c8                _ZN3mod16TattleAllEnemiesEv
 .text._ZN3modL13mod_if_func59Ev
                0x80003554      0x174 impossible_mode.o
 .text._ZN3mod20GiveAndEquipPeekabooEv
                0x800036c8       0x58 impossible_mode.o
                0x800036c8                _ZN3mod20GiveAndEquipPeekabooEv
 .text._ZN3modL14mod_if_func112Ev
                0x80003720        0x4 impossible_mode.o
 .text.startup._GLOBAL__sub_I_swSet_BH
                0x80003724       0x4c impossible_mode.o
 .text._ZN3mod17GetTextDimensionsEPKcfPfS2_
                0x80003770       0x94 common_ui.o
                0x80003770                _ZN3mod17GetTextDimensionsEPKcfPfS2_
 .text._ZN3mod8DrawTextEPKcffhbjfi
                0x80003804      0x1f4 common_ui.o
                0x80003804                _ZN3mod8DrawTextEPKcffhbjfi
 .text._ZN3modL13mod_if_func59Ev
                0x800039f8      0x274 con_anim.o
 .text._ZZN3modL13mod_if_func59EvENUlN4ttyd7dispdrv8CameraIdEPvE_4_FUNES2_S3_
                0x80003c6c      0x164 con_anim.o
 .text.startup._GLOBAL__sub_I__ZN3mod10ap_view_txE
                0x80003dd0      0x16c con_anim.o
 .text.startup._GLOBAL__sub_I__ZN3mod10event_loadE
                0x80003f3c       0x34 con_event.o
 .text._ZN3modL13mod_if_func88Ev
                0x80003f70       0x18 con_evt.o
 .text._ZN3modL13mod_if_func13Ev
                0x80003f88       0x30 con_evt.o
 .text._ZZN3modL13mod_if_func88EvENUlPN2gc2os9OSContextEPvE_4_FUNES3_S4_
                0x80003fb8       0x24 con_evt.o
 .text._ZZN3modL13mod_if_func13EvENUlN4ttyd7dispdrv8CameraIdEPvE_4_FUNES2_S3_
                0x80003fdc      0x144 con_evt.o
 .text.startup._GLOBAL__sub_I__ZN3mod14evt_show_tableE
                0x80004120       0x7c con_evt.o
 .text._ZN3modL13mod_if_func22Ev
                0x8000419c       0x54 con_mario.o
 .text.startup._GLOBAL__sub_I__ZN3mod13mario_set_posE
                0x800041f0       0x88 con_mario.o
 .text._ZN3modL13mod_if_func46Ev
                0x80004278      0x158 con_perf.o
 .text._ZN3modL13mod_if_func29Ev
                0x800043d0       0xbc con_perf.o
 .text.startup._GLOBAL__sub_I__ZN3mod15perf_fake_spikeE
                0x8000448c       0xc4 con_perf.o
 .text._ZN3modL13mod_if_func16Ev
                0x80004550       0x70 con_seq.o
 .text._ZZN3modL13mod_if_func16EvENUlPN4ttyd6seqdrv7SeqInfoEE_4_FUNES3_
                0x800045c0       0x34 con_seq.o
 .text.startup._GLOBAL__sub_I__ZN3mod13seq_logo_skipE
                0x800045f4       0x8c con_seq.o
 .text._ZN3mod13ConsoleSystem8logColorEPKcN2gc6color4E
                0x80004680      0x1e4 console.o
                0x80004680                _ZN3mod13ConsoleSystem8logColorEPKcN2gc6color4E
 .text._ZN3mod13ConsoleSystem7logInfoEPKcz
                0x80004864       0xac console.o
                0x80004864                _ZN3mod13ConsoleSystem7logInfoEPKcz
 .text._ZN3mod7CC_findEPKc
                0x80004910       0xf0 console.o
                0x80004910                _ZN3mod7CC_findEPKc
 .text._ZN3mod13ConsoleSystem10logWarningEPKcz
                0x80004a00       0xb0 console.o
                0x80004a00                _ZN3mod13ConsoleSystem10logWarningEPKcz
 .text._ZN3mod13ConsoleSystem8logErrorEPKcz
                0x80004ab0       0xb0 console.o
                0x80004ab0                _ZN3mod13ConsoleSystem8logErrorEPKcz
 .text._ZN3mod13ConsoleSystem7overlayEPKcz
                0x80004b60       0xbc console.o
                0x80004b60                _ZN3mod13ConsoleSystem7overlayEPKcz
 .text._ZN3mod13ConsoleSystem12setMonospaceEb
                0x80004c1c       0x24 console.o
                0x80004c1c                _ZN3mod13ConsoleSystem12setMonospaceEb
 .text._ZN3mod13ConsoleSystem4initEv
                0x80004c40       0x14 console.o
                0x80004c40                _ZN3mod13ConsoleSystem4initEv
 .text._ZN3mod13ConsoleSystem8drawLineEiPKcN2gc6color4E
                0x80004c54      0x130 console.o
                0x80004c54                _ZN3mod13ConsoleSystem8drawLineEiPKcN2gc6color4E
 .text._ZN3mod13ConsoleSystem14processCommandEPKc
                0x80004d84      0x1f0 console.o
                0x80004d84                _ZN3mod13ConsoleSystem14processCommandEPKc
 .text._ZN3mod13ConsoleSystem12updatePromptEv
                0x80004f74      0x2f0 console.o
                0x80004f74                _ZN3mod13ConsoleSystem12updatePromptEv
 .text._ZN3mod13ConsoleSystem14updateUsbGeckoEv
                0x80005264      0x120 console.o
                0x80005264                _ZN3mod13ConsoleSystem14updateUsbGeckoEv
 .text._ZN3mod13ConsoleSystem6updateEv
                0x80005384       0x68 console.o
                0x80005384                _ZN3mod13ConsoleSystem6updateEv
 .text._ZN3mod13ConsoleSystem4dispEv
                0x800053ec      0x368 console.o
                0x800053ec                _ZN3mod13ConsoleSystem4dispEv
 .text._ZZN3mod13ConsoleSystem6updateEvENUlN4ttyd7dispdrv8CameraIdEPvE_4_FUNES3_S4_
                0x80005754        0x8 console.o
 .text.startup._GLOBAL__sub_I__ZN3mod10ConCommand6sFirstE
                0x8000575c      0x17c console.o
 .text._Znwj    0x800058d8        0xc cxx.o
                0x800058d8                _Znwj
 .text._Znaj    0x800058e4        0x4 cxx.o
                0x800058e4                _Znaj
 .text._ZN3mod8Keyboard7connectEv
                0x800058e8       0x58 keyboard.o
                0x800058e8                _ZN3mod8Keyboard7connectEv
 .text._ZN3mod8KeyboardC2Ei
                0x80005940       0x20 keyboard.o
                0x80005940                _ZN3mod8KeyboardC2Ei
                0x80005940                _ZN3mod8KeyboardC1Ei
 .text._ZN3mod8Keyboard10disconnectEv
                0x80005960       0x40 keyboard.o
                0x80005960                _ZN3mod8Keyboard10disconnectEv
 .text._ZN3mod8Keyboard6updateEv
                0x800059a0      0x1d0 keyboard.o
                0x800059a0                _ZN3mod8Keyboard6updateEv
 .text._ZZN3mod3Mod4initEvENUlvE0_4_FUNEv
                0x80005b70        0x4 mod.o
 .text._ZZN3mod3Mod11updateEarlyEvENUlN4ttyd7dispdrv8CameraIdEPvE_4_FUNES3_S4_
                0x80005b74        0x4 mod.o
 .text._ZN3mod3ModC2Ev
                0x80005b78       0x78 mod.o
                0x80005b78                _ZN3mod3ModC2Ev
                0x80005b78                _ZN3mod3ModC1Ev
 .text._ZN3mod3Mod4initEv
                0x80005bf0       0xf8 mod.o
                0x80005bf0                _ZN3mod3Mod4initEv
 .text.startup._ZN3mod4mainEv
                0x80005ce8       0x38 mod.o
                0x80005ce8                _ZN3mod4mainEv
 .text._ZN3mod3Mod11updateEarlyEv
                0x80005d20       0x80 mod.o
                0x80005d20                _ZN3mod3Mod11updateEarlyEv
 .text._ZZN3mod3Mod4initEvENUlvE_4_FUNEv
                0x80005da0        0xc mod.o
 .text._ZN3mod5patch17clear_DC_IC_CacheEPvj
                0x80005dac       0x3c patch.o
                0x80005dac                _ZN3mod5patch17clear_DC_IC_CacheEPvj
 .text._ZN3mod5patch11writeBranchEPvS1_
                0x80005de8       0x48 patch.o
                0x80005de8                _ZN3mod5patch11writeBranchEPvS1_
 .text._ZN3mod5patch15hookInstructionEPvPFvPN2gc2os9OSContextES1_ES1_
                0x80005e30       0xcc patch.o
                0x80005e30                _ZN3mod5patch15hookInstructionEPvPFvPN2gc2os9OSContextES1_ES1_
 .text._ZN3mod5patch10writePatchEPvPKvj
                0x80005efc       0x5c patch.o
                0x80005efc                _ZN3mod5patch10writePatchEPvPKvj
 .text._ZN3mod5patch10writePatchEPvj
                0x80005f58       0x2c patch.o
                0x80005f58                _ZN3mod5patch10writePatchEPvj
 .text._ZN3mod5patch15writeBranchPairEPvS1_S1_S1_
                0x80005f84       0x40 patch.o
                0x80005f84                _ZN3mod5patch15writeBranchPairEPvS1_S1_S1_
 .text._prolog  0x80005fc4       0x5c rel.o
                0x80005fc4                _prolog
 .text._epilog  0x80006020       0x4c rel.o
                0x80006020                _epilog
 .text._unresolved
                0x8000606c        0x4 rel.o
                0x8000606c                _unresolved
 .text._ZN3modL10ugTransferEiPvib
                0x80006070      0x124 ug.o
 .text._ZN3mod7ugProbeEi
                0x80006194       0xf8 ug.o
                0x80006194                _ZN3mod7ugProbeEi
 .text._ZN3mod6ugSendEiPKvi
                0x8000628c        0x8 ug.o
                0x8000628c                _ZN3mod6ugSendEiPKvi
 .text._ZN3mod6ugRecvEiPvi
                0x80006294        0x8 ug.o
                0x80006294                _ZN3mod6ugRecvEiPvi
 .text.strstr   0x8000629c       0x90 util.o
                0x8000629c                strstr
 .text.__lshrdi3
                0x8000632c       0x40 C:/devkitPro/devkitPPC/bin/../lib/gcc/powerpc-eabi/13.1.0\libgcc.a(_lshrdi3.o)
                0x8000632c                __lshrdi3
 .text.__divdi3
                0x8000636c      0x3ec C:/devkitPro/devkitPPC/bin/../lib/gcc/powerpc-eabi/13.1.0\libgcc.a(_divdi3.o)
                0x8000636c                __divdi3
 *(.gnu.warning)
 *(.gnu.linkonce.t.*)
                0x80006760                        . = ALIGN (0x20)
 *fill*         0x80006758        0x8 00000000

.text._ZN3mod7ap_viewMUlPKcE_4_FUNES2_
                0x00000000       0x9c
 .text._ZN3mod7ap_viewMUlPKcE_4_FUNES2_
                0x00000000       0x9c con_anim.o
                0x00000000                _ZN3mod7ap_viewMUlPKcE_4_FUNES2_
                0x00000000                _ZN3mod7ap_viewMUlPKcE_4_FUNES1_

.text._ZNK3mod10event_loadMUlPKcE_clES2_
                0x00000000      0x1fc
 .text._ZNK3mod10event_loadMUlPKcE_clES2_
                0x00000000      0x1fc con_event.o
                0x00000000                _ZNK3mod10event_loadMUlPKcE_clES1_
                0x00000000                _ZNK3mod10event_loadMUlPKcE_clES2_

.text._ZN3mod10event_loadMUlPKcE_4_FUNES2_
                0x00000000        0xc
 .text._ZN3mod10event_loadMUlPKcE_4_FUNES2_
                0x00000000        0xc con_event.o
                0x00000000                _ZN3mod10event_loadMUlPKcE_4_FUNES1_
                0x00000000                _ZN3mod10event_loadMUlPKcE_4_FUNES2_

.text._ZN3mod13mario_set_posMUlPKcE_4_FUNES2_
                0x00000000       0x5c
 .text._ZN3mod13mario_set_posMUlPKcE_4_FUNES2_
                0x00000000       0x5c con_mario.o
                0x00000000                _ZN3mod13mario_set_posMUlPKcE_4_FUNES2_
                0x00000000                _ZN3mod13mario_set_posMUlPKcE_4_FUNES1_

.text._ZN3mod15perf_fake_spikeMUlPKcE_4_FUNES2_
                0x00000000       0x7c
 .text._ZN3mod15perf_fake_spikeMUlPKcE_4_FUNES2_
                0x00000000       0x7c con_perf.o
                0x00000000                _ZN3mod15perf_fake_spikeMUlPKcE_4_FUNES1_
                0x00000000                _ZN3mod15perf_fake_spikeMUlPKcE_4_FUNES2_

.text._ZN3mod14seq_change_mapMUlPKcE_4_FUNES2_
                0x00000000       0xc4
 .text._ZN3mod14seq_change_mapMUlPKcE_4_FUNES2_
                0x00000000       0xc4 con_seq.o
                0x00000000                _ZN3mod14seq_change_mapMUlPKcE_4_FUNES2_
                0x00000000                _ZN3mod14seq_change_mapMUlPKcE_4_FUNES1_

.text._ZN3mod8con_monoMUlPNS_9ConIntVarEiE_4_FUNES2_i
                0x00000000       0x18
 .text._ZN3mod8con_monoMUlPNS_9ConIntVarEiE_4_FUNES2_i
                0x00000000       0x18 console.o
                0x00000000                _ZN3mod8con_monoMUlPNS_9ConIntVarEiE_4_FUNES1_i
                0x00000000                _ZN3mod8con_monoMUlPNS_9ConIntVarEiE_4_FUNES2_i

.fini           0x00000018        0x8
 *(.fini)
                0x00000020                        . = ALIGN (0x20)
 *fill*         0x00000018        0x8 00000000
                [!provide]                        PROVIDE (__etext = .)
                [!provide]                        PROVIDE (_etext = .)
                [!provide]                        PROVIDE (etext = .)

.rodata         0x00000020      0x484
 *(.rodata)
 *(.rodata.*)
 .rodata._ZN3mod11drawModMainEv.str1.1
                0x00000020       0x16 impossible_mode.o
 *fill*         0x00000036        0x2 
 .rodata.cst4   0x00000038       0x18 impossible_mode.o
 .rodata.cst4   0x00000050       0x14 common_ui.o
 .rodata._ZN3modL13mod_if_func59Ev.str1.1
                0x00000064       0x22 con_anim.o
 .rodata._ZN3mod7ap_viewMUlPKcE_4_FUNES2_.str1.1
                0x00000086        0x5 con_anim.o
 .rodata._GLOBAL__sub_I__ZN3mod10ap_view_txE.str1.1
                0x0000008b       0x75 con_anim.o
 .rodata.cst4   0x00000100       0x14 con_anim.o
 .rodata._ZNK3mod10event_loadMUlPKcE_clES2_.str1.1
                0x00000114       0x1d con_event.o
 .rodata._GLOBAL__sub_I__ZN3mod10event_loadE.str1.1
                0x00000131        0xb con_event.o
 .rodata._ZZN3modL13mod_if_func88EvENUlPN2gc2os9OSContextEPvE_4_FUNES3_S4_.str1.1
                0x0000013c        0xe con_evt.o
 .rodata._ZZN3modL13mod_if_func13EvENUlN4ttyd7dispdrv8CameraIdEPvE_4_FUNES2_S3_.str1.1
                0x0000014a       0x1b con_evt.o
 .rodata._GLOBAL__sub_I__ZN3mod14evt_show_tableE.str1.1
                0x00000165        0xf con_evt.o
 .rodata.cst4   0x00000174        0x4 con_evt.o
 .rodata._ZN3mod13mario_set_posMUlPKcE_4_FUNES2_.str1.1
                0x00000178        0x9 con_mario.o
 .rodata._ZN3modL13mod_if_func22Ev.str1.1
                0x00000181       0x20 con_mario.o
 .rodata._GLOBAL__sub_I__ZN3mod13mario_set_posE.str1.1
                0x000001a1       0x1d con_mario.o
 .rodata._ZN3modL13mod_if_func46Ev.str1.1
                0x000001be       0x5b con_perf.o
 .rodata._ZN3mod15perf_fake_spikeMUlPKcE_4_FUNES2_.str1.1
                0x00000219        0x4 con_perf.o
 .rodata._ZN3modL13mod_if_func29Ev.str1.1
                0x0000021d       0x1c con_perf.o
 .rodata._GLOBAL__sub_I__ZN3mod15perf_fake_spikeE.str1.1
                0x00000239       0x29 con_perf.o
 *fill*         0x00000262        0x2 
 .rodata.cst4   0x00000264       0x10 con_perf.o
 .rodata._ZN3mod14seq_change_mapMUlPKcE_4_FUNES2_.str1.1
                0x00000274       0x1e con_seq.o
 .rodata._GLOBAL__sub_I__ZN3mod13seq_logo_skipE.str1.1
                0x00000292       0x1d con_seq.o
 .rodata._ZN3mod13ConsoleSystem8logColorEPKcN2gc6color4E.str1.1
                0x000002af       0x97 console.o
 .rodata._ZN3mod7CC_findEPKc.str1.1
                0x00000346       0x1d console.o
 .rodata._ZN3mod13ConsoleSystem14processCommandEPKc.str1.1
                0x00000363       0x28 console.o
 .rodata._ZN3mod13ConsoleSystem14updateUsbGeckoEv.str1.1
                0x0000038b       0x74 console.o
 .rodata._ZN3mod13ConsoleSystem4dispEv.str1.1
                0x000003ff       0x16 console.o
 .rodata._GLOBAL__sub_I__ZN3mod10ConCommand6sFirstE.str1.1
                0x00000415       0x7f console.o
 .rodata._ZZN3mod13ConsoleSystem4dispEvE12kPromptColor
                0x00000494        0x4 console.o
 .rodata.cst4   0x00000498        0x8 console.o
 .rodata.cst4   0x000004a0        0x4 mod.o
 *(.gnu.linkonce.r.*)

.rodata1
 *(.rodata1)

.sdata2         0x000004a4        0x0
                [!provide]                        PROVIDE (_SDA2_BASE_ = .)
 *(.sdata2)
 *(.sdata2.*)
 *(.gnu.linkonce.s2.*)

.sbss2
 *(.sbss2)
 *(.sbss2.*)
 *(.gnu.linkonce.sb2.*)
                0x000004a4                        . = ALIGN (0x4)
                [!provide]                        PROVIDE (__preinit_array_start = .)

.preinit_array
 *(.preinit_array)
                [!provide]                        PROVIDE (__preinit_array_end = .)
                [!provide]                        PROVIDE (__init_array_start = .)

.init_array
 *(.init_array)
                [!provide]                        PROVIDE (__init_array_end = .)
                [!provide]                        PROVIDE (__fini_array_start = .)

.fini_array
 *(.fini_array)
                [!provide]                        PROVIDE (__fini_array_end = .)

.data           0x000004a4       0x1c
 *(.data)
 *(.data.*)
 .data.Atk_Multiplier
                0x000004a4        0x4 impossible_mode.o
                0x000004a4                Atk_Multiplier
 .data.HP_Multiplier
                0x000004a8        0x4 impossible_mode.o
                0x000004a8                HP_Multiplier
 .data._ZN3modL13gApViewPoseIdE
                0x000004ac        0x4 con_anim.o
 *(.gnu.linkonce.d.*)
                0x000004c0                        . = ALIGN (0x20)
 *fill*         0x000004b0       0x10 

.data1
 *(.data1)

.tdata
 *(.tdata .tdata.* .gnu.linkonce.td.*)

.tbss
 *(.tbss .tbss.* .gnu.linkonce.tb.*)
 *(.tcommon)

.eh_frame       0x000004c0      0xd9c
 *(.eh_frame)
 .eh_frame      0x000004c0       0xd8 impossible_mode.o
 .eh_frame      0x00000598       0x88 common_ui.o
                                0x110 (size before relaxing)
 .eh_frame      0x00000620       0xd0 con_anim.o
 .eh_frame      0x000006f0       0x90 con_event.o
 .eh_frame      0x00000780       0xa8 con_evt.o
 .eh_frame      0x00000828       0x68 con_mario.o
 .eh_frame      0x00000890       0x80 con_perf.o
 .eh_frame      0x00000910       0xa0 con_seq.o
 .eh_frame      0x000009b0      0x2fc console.o
                                0x320 (size before relaxing)
 .eh_frame      0x00000cac       0x3c cxx.o
                                 0x64 (size before relaxing)
 .eh_frame      0x00000ce8       0xa8 keyboard.o
                                 0xd0 (size before relaxing)
 .eh_frame      0x00000d90       0xf4 mod.o
                                0x108 (size before relaxing)
 .eh_frame      0x00000e84      0x104 patch.o
                                0x12c (size before relaxing)
 .eh_frame      0x00000f88        0x0 patches_core.o
                                 0xa8 (size before relaxing)
 .eh_frame      0x00000f88       0x7c rel.o
 .eh_frame      0x00001004        0x0 reload.o
                                 0xb4 (size before relaxing)
 .eh_frame      0x00001004       0x98 ug.o
 .eh_frame      0x0000109c       0x3c util.o
 .eh_frame      0x000010d8       0x28 C:/devkitPro/devkitPPC/bin/../lib/gcc/powerpc-eabi/13.1.0\libgcc.a(_lshrdi3.o)
 .eh_frame      0x00001100       0x3c C:/devkitPro/devkitPPC/bin/../lib/gcc/powerpc-eabi/13.1.0\libgcc.a(_divdi3.o)
 .eh_frame      0x0000113c       0x28 C:/devkitPro/devkitPPC/bin/../lib/gcc/powerpc-eabi/13.1.0\libgcc.a(crtsavfpr.o)
 .eh_frame      0x00001164       0x7c C:/devkitPro/devkitPPC/bin/../lib/gcc/powerpc-eabi/13.1.0\libgcc.a(crtresxfpr.o)
 .eh_frame      0x000011e0       0x7c C:/devkitPro/devkitPPC/bin/../lib/gcc/powerpc-eabi/13.1.0\libgcc.a(crtresxgpr.o)

.gcc_except_table
 *(.gcc_except_table)

.fixup
 *(.fixup)

.got1
 *(.got1)

.got2
 *(.got2)

.dynamic
 *(.dynamic)

.ctors          0x0000125c       0x24
 *crtbegin.o(.ctors)
 *(EXCLUDE_FILE(*crtend.o) .ctors)
 .ctors         0x0000125c        0x4 impossible_mode.o
 .ctors         0x00001260        0x4 con_anim.o
 .ctors         0x00001264        0x4 con_event.o
 .ctors         0x00001268        0x4 con_evt.o
 .ctors         0x0000126c        0x4 con_mario.o
 .ctors         0x00001270        0x4 con_perf.o
 .ctors         0x00001274        0x4 con_seq.o
 .ctors         0x00001278        0x4 console.o
 *(SORT_BY_NAME(.ctors.*))
 *(.ctors)
                0x00001280                        . = ALIGN (0x20)
 *fill*         0x0000127c        0x4 

.dtors          0x00001280        0x0
 *crtbegin.o(.dtors)
 *(EXCLUDE_FILE(*crtend.o) .dtors)
 *(SORT_BY_NAME(.dtors.*))
 *(.dtors)
                0x00001280                        . = ALIGN (0x20)

.jcr
 *(.jcr)

.got
 *(.got.plt)
 *(.got)

.sdata          0x00001280        0x0
                [!provide]                        PROVIDE (_SDA_BASE_ = .)
 *(.sdata)
 *(.sdata.*)
 *(.gnu.linkonce.s.*)
                0x00001280                        . = ALIGN (0x20)
                0x00001280                        _edata = .
                [!provide]                        PROVIDE (edata = .)

.sbss           0x00001280        0x0
                0x00001280                        __sbss_start = .
                [!provide]                        PROVIDE (__sbss_start = .)
                [!provide]                        PROVIDE (___sbss_start = .)
 *(.dynsbss)
 *(.sbss)
 *(.sbss.*)
 *(.gnu.linkonce.sb.*)
 *(.scommon)
                [!provide]                        PROVIDE (__sbss_end = .)
                [!provide]                        PROVIDE (___sbss_end = .)
                0x00001280                        . = ALIGN (0x20)
                0x00001280                        __sbss_end = .

.bss            0x00001280      0x320
                0x00001280                        __bss_start = .
                [!provide]                        PROVIDE (__bss_start = .)
 *(.dynbss)
 *(.bss)
 *(.bss.*)
 .bss._ZN3modL13mod_if_obj112E
                0x00001280        0x8 impossible_mode.o
 .bss._ZN3modL12mod_if_obj59E
                0x00001288        0x8 impossible_mode.o
 .bss.DisplayBuffer
                0x00001290      0x100 impossible_mode.o
                0x00001290                DisplayBuffer
 .bss._ZN3modL12mod_if_obj59E
                0x00001390        0x8 con_anim.o
 .bss._ZN3mod7ap_viewE
                0x00001398        0xc con_anim.o
                0x00001398                _ZN3mod7ap_viewE
 .bss._ZN3mod18ap_view_anim_cycleE
                0x000013a4       0x10 con_anim.o
                0x000013a4                _ZN3mod18ap_view_anim_cycleE
 .bss._ZN3mod15ap_view_anim_idE
                0x000013b4       0x10 con_anim.o
                0x000013b4                _ZN3mod15ap_view_anim_idE
 .bss._ZN3mod15ap_view_ry_rateE
                0x000013c4       0x10 con_anim.o
                0x000013c4                _ZN3mod15ap_view_ry_rateE
 .bss._ZN3mod10ap_view_ryE
                0x000013d4       0x10 con_anim.o
                0x000013d4                _ZN3mod10ap_view_ryE
 .bss._ZN3mod13ap_view_scaleE
                0x000013e4       0x10 con_anim.o
                0x000013e4                _ZN3mod13ap_view_scaleE
 .bss._ZN3mod10ap_view_tzE
                0x000013f4       0x10 con_anim.o
                0x000013f4                _ZN3mod10ap_view_tzE
 .bss._ZN3mod10ap_view_tyE
                0x00001404       0x10 con_anim.o
                0x00001404                _ZN3mod10ap_view_tyE
 .bss._ZN3mod10ap_view_txE
                0x00001414       0x10 con_anim.o
                0x00001414                _ZN3mod10ap_view_txE
 *fill*         0x00001424        0x4 
 .bss._ZN3modL20gApViewLastAnimCycleE
                0x00001428        0x8 con_anim.o
 .bss._ZN3mod10event_loadE
                0x00001430        0xc con_event.o
                0x00001430                _ZN3mod10event_loadE
 .bss._ZN3modL12mod_if_obj88E
                0x0000143c        0x8 con_evt.o
 .bss._ZN3modL12mod_if_obj13E
                0x00001444        0x8 con_evt.o
 .bss._ZN3mod14evt_show_tableE
                0x0000144c       0x10 con_evt.o
                0x0000144c                _ZN3mod14evt_show_tableE
 .bss._ZN3modL12mod_if_obj22E
                0x0000145c        0x8 con_mario.o
 .bss._ZN3mod14mario_show_posE
                0x00001464       0x10 con_mario.o
                0x00001464                _ZN3mod14mario_show_posE
 .bss._ZN3mod13mario_set_posE
                0x00001474        0xc con_mario.o
                0x00001474                _ZN3mod13mario_set_posE
 .bss._ZN3modL12mod_if_obj46E
                0x00001480        0x8 con_perf.o
 .bss._ZN3mod14mem_debug_heapE
                0x00001488       0x10 con_perf.o
                0x00001488                _ZN3mod14mem_debug_heapE
 .bss._ZN3modL12mod_if_obj29E
                0x00001498        0x8 con_perf.o
 .bss._ZN3mod9perf_showE
                0x000014a0       0x10 con_perf.o
                0x000014a0                _ZN3mod9perf_showE
 .bss._ZN3mod15perf_fake_spikeE
                0x000014b0        0xc con_perf.o
                0x000014b0                _ZN3mod15perf_fake_spikeE
 .bss._ZN3mod14seq_change_mapE
                0x000014bc        0xc con_seq.o
                0x000014bc                _ZN3mod14seq_change_mapE
 .bss._ZN3modL12mod_if_obj16E
                0x000014c8        0x8 con_seq.o
 .bss._ZN3mod24gTrampoline_seq_logoMainE
                0x000014d0        0x4 con_seq.o
                0x000014d0                _ZN3mod24gTrampoline_seq_logoMainE
 .bss._ZN3mod13seq_logo_skipE
                0x000014d4       0x10 con_seq.o
                0x000014d4                _ZN3mod13seq_logo_skipE
 .bss._ZN3mod4findE
                0x000014e4        0xc console.o
                0x000014e4                _ZN3mod4findE
 .bss._ZN3mod11con_ug_chanE
                0x000014f0       0x10 console.o
                0x000014f0                _ZN3mod11con_ug_chanE
 .bss._ZN3mod11con_ug_modeE
                0x00001500       0x10 console.o
                0x00001500                _ZN3mod11con_ug_modeE
 .bss._ZN3mod21con_log_fade_durationE
                0x00001510       0x10 console.o
                0x00001510                _ZN3mod21con_log_fade_durationE
 .bss._ZN3mod18con_log_fade_startE
                0x00001520       0x10 console.o
                0x00001520                _ZN3mod18con_log_fade_startE
 .bss._ZN3mod12con_log_fadeE
                0x00001530       0x10 console.o
                0x00001530                _ZN3mod12con_log_fadeE
 .bss._ZN3mod13con_log_levelE
                0x00001540       0x10 console.o
                0x00001540                _ZN3mod13con_log_levelE
 .bss._ZN3mod11con_rainbowE
                0x00001550       0x10 console.o
                0x00001550                _ZN3mod11con_rainbowE
 .bss._ZN3mod8con_monoE
                0x00001560       0x10 console.o
                0x00001560                _ZN3mod8con_monoE
 .bss._ZN3mod8con_showE
                0x00001570       0x10 console.o
                0x00001570                _ZN3mod8con_showE
 .bss._ZN3mod8gConsoleE
                0x00001580        0x4 console.o
                0x00001580                _ZN3mod8gConsoleE
 .bss._ZN3mod9ConIntVar6sFirstE
                0x00001584        0x4 console.o
                0x00001584                _ZN3mod9ConIntVar6sFirstE
 .bss._ZN3mod10ConCommand6sFirstE
                0x00001588        0x4 console.o
                0x00001588                _ZN3mod10ConCommand6sFirstE
 .bss._ZN3mod4gModE
                0x0000158c        0x4 mod.o
                0x0000158c                _ZN3mod4gModE
 .bss._ZN17ModUpdateFunction6sFirstE
                0x00001590        0x4 mod.o
                0x00001590                _ZN17ModUpdateFunction6sFirstE
 .bss._ZN15ModInitFunction6sFirstE
                0x00001594        0x4 mod.o
                0x00001594                _ZN15ModInitFunction6sFirstE
 *(.gnu.linkonce.b.*)
 *(COMMON)
                0x000015a0                        . = ALIGN (0x20)
 *fill*         0x00001598        0x8 
                [!provide]                        PROVIDE (__bss_end = .)
                0x000015a0                        __bss_end = .
                0x000015a0                        _end = .
                [!provide]                        PROVIDE (end = .)

.bss._ZZNK3mod14seq_change_mapMUlPKcE_clES2_E8beroName
                0x00000000       0x20
 .bss._ZZNK3mod14seq_change_mapMUlPKcE_clES2_E8beroName
                0x00000000       0x20 con_seq.o
                0x00000000                _ZZNK3mod14seq_change_mapMUlPKcE_clES1_E8beroName
                0x00000000                _ZZNK3mod14seq_change_mapMUlPKcE_clES2_E8beroName

.bss._ZZNK3mod14seq_change_mapMUlPKcE_clES2_E7mapName
                0x00000000       0x20
 .bss._ZZNK3mod14seq_change_mapMUlPKcE_clES2_E7mapName
                0x00000000       0x20 con_seq.o
                0x00000000                _ZZNK3mod14seq_change_mapMUlPKcE_clES2_E7mapName
                0x00000000                _ZZNK3mod14seq_change_mapMUlPKcE_clES1_E7mapName

.stab
 *(.stab)

.stabstr
 *(.stabstr)

.stab.excl
 *(.stab.excl)

.stab.exclstr
 *(.stab.exclstr)

.stab.index
 *(.stab.index)

.stab.indexstr
 *(.stab.indexstr)

.comment        0x00000000      0x2f8
 *(.comment)
 .comment       0x00000000       0x26 impossible_mode.o
 .comment       0x00000026       0x26 common_ui.o
 .comment       0x0000004c       0x26 con_anim.o
 .comment       0x00000072       0x26 con_event.o
 .comment       0x00000098       0x26 con_evt.o
 .comment       0x000000be       0x26 con_mario.o
 .comment       0x000000e4       0x26 con_perf.o
 .comment       0x0000010a       0x26 con_seq.o
 .comment       0x00000130       0x26 console.o
 .comment       0x00000156       0x26 cxx.o
 .comment       0x0000017c       0x26 keyboard.o
 .comment       0x000001a2       0x26 mod.o
 .comment       0x000001c8       0x26 patch.o
 .comment       0x000001ee       0x26 patches_core.o
 .comment       0x00000214       0x26 rel.o
 .comment       0x0000023a       0x26 reload.o
 .comment       0x00000260       0x26 ug.o
 .comment       0x00000286       0x26 util.o
 .comment       0x000002ac       0x26 C:/devkitPro/devkitPPC/bin/../lib/gcc/powerpc-eabi/13.1.0\libgcc.a(_lshrdi3.o)
 .comment       0x000002d2       0x26 C:/devkitPro/devkitPPC/bin/../lib/gcc/powerpc-eabi/13.1.0\libgcc.a(_divdi3.o)

.gnu.attributes
                0x00000000       0x10
 .gnu.attributes
                0x00000000       0x10 impossible_mode.o
 .gnu.attributes
                0x00000010       0x10 common_ui.o
 .gnu.attributes
                0x00000020       0x10 con_anim.o
 .gnu.attributes
                0x00000030       0x10 con_evt.o
 .gnu.attributes
                0x00000040       0x10 con_mario.o
 .gnu.attributes
                0x00000050       0x10 con_perf.o
 .gnu.attributes
                0x00000060       0x10 console.o
 .gnu.attributes
                0x00000070       0x10 mod.o

.group          0x00000000        0xc
 .group         0x00000000        0xc con_anim.o

.group          0x00000000        0xc
 .group         0x00000000        0xc con_event.o

.group          0x00000000        0xc
 .group         0x00000000        0xc con_event.o

.group          0x00000000        0xc
 .group         0x00000000        0xc con_mario.o

.group          0x00000000        0xc
 .group         0x00000000        0xc con_perf.o

.group          0x00000000        0xc
 .group         0x00000000        0xc con_seq.o

.group          0x00000000        0x8
 .group         0x00000000        0x8 con_seq.o

.group          0x00000000        0x8
 .group         0x00000000        0x8 con_seq.o

.group          0x00000000        0xc
 .group         0x00000000        0xc console.o

.debug
 *(.debug)

.line
 *(.line)

.debug_srcinfo
 *(.debug_srcinfo)

.debug_sfnames
 *(.debug_sfnames)

.debug_aranges  0x00000000      0x4b0
 *(.debug_aranges)
 .debug_aranges
                0x00000000       0x48 impossible_mode.o
 .debug_aranges
                0x00000048       0x48 common_ui.o
 .debug_aranges
                0x00000090       0x38 con_anim.o
 .debug_aranges
                0x000000c8       0x30 con_event.o
 .debug_aranges
                0x000000f8       0x40 con_evt.o
 .debug_aranges
                0x00000138       0x30 con_mario.o
 .debug_aranges
                0x00000168       0x38 con_perf.o
 .debug_aranges
                0x000001a0       0x38 con_seq.o
 .debug_aranges
                0x000001d8       0xa8 console.o
 .debug_aranges
                0x00000280       0x38 cxx.o
 .debug_aranges
                0x000002b8       0x40 keyboard.o
 .debug_aranges
                0x000002f8       0x58 mod.o
 .debug_aranges
                0x00000350       0x50 patch.o
 .debug_aranges
                0x000003a0       0x48 patches_core.o
 .debug_aranges
                0x000003e8       0x30 rel.o
 .debug_aranges
                0x00000418       0x40 reload.o
 .debug_aranges
                0x00000458       0x38 ug.o
 .debug_aranges
                0x00000490       0x20 util.o

.debug_pubnames
 *(.debug_pubnames)

.debug_info     0x00000000    0x189e0
 *(.debug_info)
 .debug_info    0x00000000     0x1293 impossible_mode.o
 .debug_info    0x00001293      0xdac common_ui.o
 .debug_info    0x0000203f     0x2396 con_anim.o
 .debug_info    0x000043d5     0x19f9 con_event.o
 .debug_info    0x00005dce     0x19f5 con_evt.o
 .debug_info    0x000077c3     0x21f8 con_mario.o
 .debug_info    0x000099bb     0x1f5d con_perf.o
 .debug_info    0x0000b918     0x1f4c con_seq.o
 .debug_info    0x0000d864     0x387d console.o
 .debug_info    0x000110e1      0x47c cxx.o
 .debug_info    0x0001155d      0xd68 keyboard.o
 .debug_info    0x000122c5     0x2b80 mod.o
 .debug_info    0x00014e45      0xc16 patch.o
 .debug_info    0x00015a5b     0x1475 patches_core.o
 .debug_info    0x00016ed0      0x103 rel.o
 .debug_info    0x00016fd3      0xc71 reload.o
 .debug_info    0x00017c44      0x88b ug.o
 .debug_info    0x000184cf      0x511 util.o

.debug_abbrev   0x00000000     0x4e64
 *(.debug_abbrev)
 .debug_abbrev  0x00000000      0x446 impossible_mode.o
 .debug_abbrev  0x00000446      0x2f2 common_ui.o
 .debug_abbrev  0x00000738      0x6a1 con_anim.o
 .debug_abbrev  0x00000dd9      0x4da con_event.o
 .debug_abbrev  0x000012b3      0x559 con_evt.o
 .debug_abbrev  0x0000180c      0x5dd con_mario.o
 .debug_abbrev  0x00001de9      0x6aa con_perf.o
 .debug_abbrev  0x00002493      0x697 con_seq.o
 .debug_abbrev  0x00002b2a      0x97b console.o
 .debug_abbrev  0x000034a5      0x16f cxx.o
 .debug_abbrev  0x00003614      0x3bd keyboard.o
 .debug_abbrev  0x000039d1      0x701 mod.o
 .debug_abbrev  0x000040d2      0x2eb patch.o
 .debug_abbrev  0x000043bd      0x3b6 patches_core.o
 .debug_abbrev  0x00004773       0xf0 rel.o
 .debug_abbrev  0x00004863      0x30f reload.o
 .debug_abbrev  0x00004b72      0x1be ug.o
 .debug_abbrev  0x00004d30      0x134 util.o

.debug_line     0x00000000     0x73ea
 *(.debug_line)
 .debug_line    0x00000000      0x701 impossible_mode.o
 .debug_line    0x00000701      0x5ad common_ui.o
 .debug_line    0x00000cae      0x941 con_anim.o
 .debug_line    0x000015ef      0x68d con_event.o
 .debug_line    0x00001c7c      0x624 con_evt.o
 .debug_line    0x000022a0      0x568 con_mario.o
 .debug_line    0x00002808      0x75f con_perf.o
 .debug_line    0x00002f67      0x622 con_seq.o
 .debug_line    0x00003589     0x143d console.o
 .debug_line    0x000049c6      0x264 cxx.o
 .debug_line    0x00004c2a      0x620 keyboard.o
 .debug_line    0x0000524a      0x738 mod.o
 .debug_line    0x00005982      0x518 patch.o
 .debug_line    0x00005e9a      0x623 patches_core.o
 .debug_line    0x000064bd      0x154 rel.o
 .debug_line    0x00006611      0x6eb reload.o
 .debug_line    0x00006cfc      0x403 ug.o
 .debug_line    0x000070ff      0x2eb util.o

.debug_frame
 *(.debug_frame)

.debug_str      0x00000000    0x12960
 *(.debug_str)
 .debug_str     0x00000000      0xdff impossible_mode.o
 .debug_str     0x00000dff      0x7d7 common_ui.o
 .debug_str     0x000015d6     0x17e9 con_anim.o
 .debug_str     0x00002dbf     0x16bc con_event.o
 .debug_str     0x0000447b     0x158e con_evt.o
 .debug_str     0x00005a09     0x19e9 con_mario.o
 .debug_str     0x000073f2     0x168c con_perf.o
 .debug_str     0x00008a7e     0x1770 con_seq.o
 .debug_str     0x0000a1ee     0x1b1e console.o
 .debug_str     0x0000bd0c      0x46a cxx.o
 .debug_str     0x0000c176      0xaad keyboard.o
 .debug_str     0x0000cc23     0x2da4 mod.o
 .debug_str     0x0000f9c7      0x7ae patch.o
 .debug_str     0x00010175      0xfd3 patches_core.o
 .debug_str     0x00011148      0x1ab rel.o
 .debug_str     0x000112f3      0xd26 reload.o
 .debug_str     0x00012019      0x4b7 ug.o
 .debug_str     0x000124d0      0x490 util.o

.debug_loc
 *(.debug_loc)

.debug_macinfo
 *(.debug_macinfo)

.debug_weaknames
 *(.debug_weaknames)

.debug_funcnames
 *(.debug_funcnames)

.debug_typenames
 *(.debug_typenames)

.debug_varnames
 *(.debug_varnames)
                0x00000000                        __isIPL = 0x0
                0x000215a0                        __stack_addr = ((((__bss_start + SIZEOF (.bss)) + 0x20000) + 0x7) & 0xfffffffffffffff8)
                0x000015a0                        __stack_end = (__bss_start + SIZEOF (.bss))
                0x000255a0                        __intrstack_addr = (__stack_addr + 0x4000)
                0x000215a0                        __intrstack_end = __stack_addr
                0x000255a0                        __Arena1Lo = ((__intrstack_addr + 0x1f) & 0xffffffffffffffe0)
                0x817feff0                        __Arena1Hi = 0x817feff0
                0x817ff000                        __gxregs = ((__Arena1Hi + 0x1f) & 0xffffffffffffffe0)
                [!provide]                        PROVIDE (__stack = 0x817feff0)
                [!provide]                        PROVIDE (__isIPL = __isIPL)
                [!provide]                        PROVIDE (__stack_addr = __stack_addr)
                [!provide]                        PROVIDE (__stack_end = __stack_end)
                [!provide]                        PROVIDE (__intrstack_addr = __intrstack_addr)
                [!provide]                        PROVIDE (__intrstack_end = __intrstack_end)
                [!provide]                        PROVIDE (__Arena1Lo = __Arena1Lo)
                [!provide]                        PROVIDE (__Arena1Hi = __Arena1Hi)
                [!provide]                        PROVIDE (__gxregs = __gxregs)
LOAD C:/Users/Rainchus/Desktop/TTYD_Modding/ttyd-tools/rel/source/base/cxx.ld
                0x0000125c                        _ctors_start = ADDR (.ctors)
                0x00001280                        _ctors_end = (_ctors_start + SIZEOF (.ctors))
                0x00001280                        _dtors_start = ADDR (.dtors)
                0x00001280                        _dtors_end = (_dtors_start + SIZEOF (.dtors))
LOAD impossible_mode.o
LOAD common_ui.o
LOAD con_anim.o
LOAD con_event.o
LOAD con_evt.o
LOAD con_mario.o
LOAD con_perf.o
LOAD con_seq.o
LOAD console.o
LOAD cxx.o
LOAD keyboard.o
LOAD mod.o
LOAD patch.o
LOAD patches_core.o
LOAD rel.o
LOAD reload.o
LOAD ug.o
LOAD util.o
LOAD enemy_attack_hook.o
LOAD enemy_hp_hook.o
LOAD patch_ih.o
LOAD C:/devkitPro/devkitPPC/bin/../lib/gcc/powerpc-eabi/13.1.0/../../../../powerpc-eabi/lib\libm.a
LOAD C:/devkitPro/devkitPPC/bin/../lib/gcc/powerpc-eabi/13.1.0\libgcc.a
OUTPUT(C:/Users/Rainchus/Desktop/TTYD_Modding/ttyd-tools/rel/rel.us.elf elf32-powerpc)

.debug_loclists
                0x00000000     0x2c75
 .debug_loclists
                0x00000000       0x8c impossible_mode.o
 .debug_loclists
                0x0000008c      0x4f5 common_ui.o
 .debug_loclists
                0x00000581      0x313 con_anim.o
 .debug_loclists
                0x00000894      0x281 con_event.o
 .debug_loclists
                0x00000b15      0x1f3 con_evt.o
 .debug_loclists
                0x00000d08       0xa9 con_mario.o
 .debug_loclists
                0x00000db1      0x2aa con_perf.o
 .debug_loclists
                0x0000105b       0xf4 con_seq.o
 .debug_loclists
                0x0000114f      0xe8f console.o
 .debug_loclists
                0x00001fde       0x54 cxx.o
 .debug_loclists
                0x00002032      0x176 keyboard.o
 .debug_loclists
                0x000021a8      0x122 mod.o
 .debug_loclists
                0x000022ca      0x445 patch.o
 .debug_loclists
                0x0000270f       0x58 patches_core.o
 .debug_loclists
                0x00002767       0x4d rel.o
 .debug_loclists
                0x000027b4      0x29f reload.o
 .debug_loclists
                0x00002a53      0x1a2 ug.o
 .debug_loclists
                0x00002bf5       0x80 util.o

.debug_rnglists
                0x00000000      0xadb
 .debug_rnglists
                0x00000000       0x5b impossible_mode.o
 .debug_rnglists
                0x0000005b       0x6a common_ui.o
 .debug_rnglists
                0x000000c5       0xf4 con_anim.o
 .debug_rnglists
                0x000001b9       0x95 con_event.o
 .debug_rnglists
                0x0000024e       0xb0 con_evt.o
 .debug_rnglists
                0x000002fe       0x6e con_mario.o
 .debug_rnglists
                0x0000036c       0xc5 con_perf.o
 .debug_rnglists
                0x00000431       0xcc con_seq.o
 .debug_rnglists
                0x000004fd      0x31f console.o
 .debug_rnglists
                0x0000081c       0x25 cxx.o
 .debug_rnglists
                0x00000841       0xa4 keyboard.o
 .debug_rnglists
                0x000008e5       0x78 mod.o
 .debug_rnglists
                0x0000095d       0x6b patch.o
 .debug_rnglists
                0x000009c8       0x41 patches_core.o
 .debug_rnglists
                0x00000a09       0x3d rel.o
 .debug_rnglists
                0x00000a46       0x2d reload.o
 .debug_rnglists
                0x00000a73       0x39 ug.o
 .debug_rnglists
                0x00000aac       0x2f util.o
