Archive member included to satisfy reference by file (symbol)

C:/devkitPro/devkitPPC/bin/../lib/gcc/powerpc-eabi/13.1.0\libgcc.a(_lshrdi3.o)
                              keyboard.o (__lshrdi3)
C:/devkitPro/devkitPPC/bin/../lib/gcc/powerpc-eabi/13.1.0\libgcc.a(_divdi3.o)
                              common_functions.o (__divdi3)
C:/devkitPro/devkitPPC/bin/../lib/gcc/powerpc-eabi/13.1.0\libgcc.a(_moddi3.o)
                              common_functions.o (__moddi3)
C:/devkitPro/devkitPPC/bin/../lib/gcc/powerpc-eabi/13.1.0\libgcc.a(_udivdi3.o)
                              common_functions.o (__udivdi3)
C:/devkitPro/devkitPPC/bin/../lib/gcc/powerpc-eabi/13.1.0\libgcc.a(_umoddi3.o)
                              common_functions.o (__umoddi3)
C:/devkitPro/devkitPPC/bin/../lib/gcc/powerpc-eabi/13.1.0\libgcc.a(crtsavfpr.o)
                              common_ui.o (_savefpr_27)

Discarded input sections

 .text          0x00000000        0x0 common_functions.o
 .data          0x00000000        0x0 common_functions.o
 .bss           0x00000000        0x0 common_functions.o
 .text._ZN3mod8CheckSeqEN4ttyd6seqdrv8SeqIndexE
                0x00000000       0x48 common_functions.o
 .rodata._ZN3mod15InMainGameModesEv.str1.1
                0x00000000        0xd common_functions.o
 .text._ZN3mod15InMainGameModesEv
                0x00000000       0x68 common_functions.o
 .text._ZN3mod11InPauseMenuEv
                0x00000000       0x2c common_functions.o
 .text._ZN3mod14GetCurrentAreaEv
                0x00000000       0x10 common_functions.o
 .text._ZN3mod13GetCurrentMapEv
                0x00000000       0x10 common_functions.o
 .text._ZN3mod10GetNextMapEv
                0x00000000        0xc common_functions.o
 .rodata._ZN3mod16ModuleNameFromIdENS_8ModuleId1eE.str1.1
                0x00000000        0x7 common_functions.o
 .text._ZN3mod16ModuleNameFromIdENS_8ModuleId1eE
                0x00000000       0x28 common_functions.o
 .text._ZN3mod13LinkCustomEvtENS_8ModuleId1eEPvPi
                0x00000000       0xac common_functions.o
 .text._ZN3mod15UnlinkCustomEvtENS_8ModuleId1eEPvPi
                0x00000000       0xb8 common_functions.o
 .text._ZN3mod12CountSetBitsEj
                0x00000000       0x54 common_functions.o
 .text._ZN3mod10GetBitMaskEjj
                0x00000000       0x20 common_functions.o
 .text._ZN3mod17GetShiftedBitMaskEjjj
                0x00000000       0x34 common_functions.o
 .rodata._ZN3mod18IntegerToFmtStringEiPci.str1.1
                0x00000000       0x18 common_functions.o
 .text._ZN3mod18IntegerToFmtStringEiPci
                0x00000000       0xa8 common_functions.o
 .rodata._ZN3mod24DurationTicksToFmtStringExPc.str1.1
                0x00000000       0x14 common_functions.o
 .text._ZN3mod24DurationTicksToFmtStringExPc
                0x00000000      0x100 common_functions.o
 .rodata.str1.1
                0x00000000       0x75 common_functions.o
 .rodata._ZZN3mod16ModuleNameFromIdENS_8ModuleId1eEE12kModuleNames
                0x00000000       0x78 common_functions.o
 .text          0x00000000        0x0 common_ui.o
 .data          0x00000000        0x0 common_ui.o
 .bss           0x00000000        0x0 common_ui.o
 .text._ZZN3mod20RegisterDrawCallbackEPFvvEN4ttyd7dispdrv8CameraIdEfENUlS4_PvE_4_FUNES4_S5_
                0x00000000        0x8 common_ui.o
 .text._ZN3mod20RegisterDrawCallbackEPFvvEN4ttyd7dispdrv8CameraIdEf
                0x00000000       0x18 common_ui.o
 .text._ZN3mod17GetTextDimensionsEPKcfPfS2_
                0x00000000       0x94 common_ui.o
 .text._ZN3mod8DrawTextEPKcffhbjfi
                0x00000000      0x1f4 common_ui.o
 .text._ZN3mod10DrawWindowEjfffff
                0x00000000       0x2c common_ui.o
 .text._ZN3mod22DrawCenteredTextWindowEPKcffhbjfjff
                0x00000000       0xd8 common_ui.o
 .rodata.cst4   0x00000000       0x14 common_ui.o
 .text          0x00000000        0x0 cxx.o
 .data          0x00000000        0x0 cxx.o
 .bss           0x00000000        0x0 cxx.o
 .text._ZdlPv   0x00000000        0xc cxx.o
 .text._ZdaPv   0x00000000        0x4 cxx.o
 .text          0x00000000        0x0 keyboard.o
 .data          0x00000000        0x0 keyboard.o
 .bss           0x00000000        0x0 keyboard.o
 .text._ZN3mod8Keyboard7connectEv
                0x00000000       0x58 keyboard.o
 .text._ZN3mod8KeyboardC2Ei
                0x00000000       0x20 keyboard.o
 .text._ZN3mod8Keyboard10disconnectEv
                0x00000000       0x40 keyboard.o
 .text._ZN3mod8Keyboard10setChannelEi
                0x00000000       0x48 keyboard.o
 .text._ZN3mod8Keyboard6updateEv
                0x00000000      0x1d0 keyboard.o
 .text          0x00000000        0x0 mod.o
 .data          0x00000000        0x0 mod.o
 .bss           0x00000000        0x0 mod.o
 .text._ZN3mod12infinite_pit20ApplyAllFixedPatchesEv
                0x00000000        0x4 mod.o
 .text._ZN3mod12infinite_pit3ModC2Ev
                0x00000000        0x4 mod.o
 .text._ZN3mod12infinite_pit3Mod6UpdateEv
                0x00000000        0x4 mod.o
 .text._ZN3mod12infinite_pit3Mod4DrawEv
                0x00000000        0x4 mod.o
 .text          0x00000000        0x0 patch.o
 .data          0x00000000        0x0 patch.o
 .bss           0x00000000        0x0 patch.o
 .text._ZN3mod5patch21writeStandardBranchesEPvPFvvES3_
                0x00000000       0x3c patch.o
 .text._ZN3mod5patch13writeBranchBLEPvS1_
                0x00000000        0xc patch.o
 .text._ZN3mod5patch10writePatchEPvPKvj
                0x00000000       0x5c patch.o
 .text._ZN3mod5patch10writePatchEPvPKvS3_
                0x00000000        0x8 patch.o
 .text._ZN3mod5patch10writePatchEPvj
                0x00000000       0x2c patch.o
 .text._ZN3mod5patch15writeBranchPairEPvS1_S1_S1_
                0x00000000       0x40 patch.o
 .text._ZN3mod5patch15writeBranchPairEPvS1_S1_
                0x00000000       0x3c patch.o
 .text          0x00000000        0x0 rel.o
 .data          0x00000000        0x0 rel.o
 .bss           0x00000000        0x0 rel.o
 .text          0x00000000        0x0 custom_strings.o
 .data          0x00000000        0x0 custom_strings.o
 .bss           0x00000000        0x0 custom_strings.o
 .debug_info    0x00000000      0xf61 custom_strings.o
 .debug_abbrev  0x00000000      0x24b custom_strings.o
 .debug_aranges
                0x00000000       0x18 custom_strings.o
 .debug_line    0x00000000      0x287 custom_strings.o
 .debug_str     0x00000000      0x89f custom_strings.o
 .comment       0x00000000       0x26 custom_strings.o
 .text          0x00000000       0x58 restfpr_x.o
 .data          0x00000000        0x0 restfpr_x.o
 .bss           0x00000000        0x0 restfpr_x.o
 .data          0x00000000        0x0 restgpr_x.o
 .bss           0x00000000        0x0 restgpr_x.o
 .text          0x00000000        0x0 C:/devkitPro/devkitPPC/bin/../lib/gcc/powerpc-eabi/13.1.0\libgcc.a(_lshrdi3.o)
 .data          0x00000000        0x0 C:/devkitPro/devkitPPC/bin/../lib/gcc/powerpc-eabi/13.1.0\libgcc.a(_lshrdi3.o)
 .bss           0x00000000        0x0 C:/devkitPro/devkitPPC/bin/../lib/gcc/powerpc-eabi/13.1.0\libgcc.a(_lshrdi3.o)
 .text.__lshrdi3
                0x00000000       0x40 C:/devkitPro/devkitPPC/bin/../lib/gcc/powerpc-eabi/13.1.0\libgcc.a(_lshrdi3.o)
 .text          0x00000000        0x0 C:/devkitPro/devkitPPC/bin/../lib/gcc/powerpc-eabi/13.1.0\libgcc.a(_divdi3.o)
 .data          0x00000000        0x0 C:/devkitPro/devkitPPC/bin/../lib/gcc/powerpc-eabi/13.1.0\libgcc.a(_divdi3.o)
 .bss           0x00000000        0x0 C:/devkitPro/devkitPPC/bin/../lib/gcc/powerpc-eabi/13.1.0\libgcc.a(_divdi3.o)
 .text.__divdi3
                0x00000000      0x3ec C:/devkitPro/devkitPPC/bin/../lib/gcc/powerpc-eabi/13.1.0\libgcc.a(_divdi3.o)
 .text          0x00000000        0x0 C:/devkitPro/devkitPPC/bin/../lib/gcc/powerpc-eabi/13.1.0\libgcc.a(_moddi3.o)
 .data          0x00000000        0x0 C:/devkitPro/devkitPPC/bin/../lib/gcc/powerpc-eabi/13.1.0\libgcc.a(_moddi3.o)
 .bss           0x00000000        0x0 C:/devkitPro/devkitPPC/bin/../lib/gcc/powerpc-eabi/13.1.0\libgcc.a(_moddi3.o)
 .text.__moddi3
                0x00000000      0x3a0 C:/devkitPro/devkitPPC/bin/../lib/gcc/powerpc-eabi/13.1.0\libgcc.a(_moddi3.o)
 .text          0x00000000        0x0 C:/devkitPro/devkitPPC/bin/../lib/gcc/powerpc-eabi/13.1.0\libgcc.a(_udivdi3.o)
 .data          0x00000000        0x0 C:/devkitPro/devkitPPC/bin/../lib/gcc/powerpc-eabi/13.1.0\libgcc.a(_udivdi3.o)
 .bss           0x00000000        0x0 C:/devkitPro/devkitPPC/bin/../lib/gcc/powerpc-eabi/13.1.0\libgcc.a(_udivdi3.o)
 .text.__udivdi3
                0x00000000      0x3bc C:/devkitPro/devkitPPC/bin/../lib/gcc/powerpc-eabi/13.1.0\libgcc.a(_udivdi3.o)
 .text          0x00000000        0x0 C:/devkitPro/devkitPPC/bin/../lib/gcc/powerpc-eabi/13.1.0\libgcc.a(_umoddi3.o)
 .data          0x00000000        0x0 C:/devkitPro/devkitPPC/bin/../lib/gcc/powerpc-eabi/13.1.0\libgcc.a(_umoddi3.o)
 .bss           0x00000000        0x0 C:/devkitPro/devkitPPC/bin/../lib/gcc/powerpc-eabi/13.1.0\libgcc.a(_umoddi3.o)
 .text.__umoddi3
                0x00000000      0x390 C:/devkitPro/devkitPPC/bin/../lib/gcc/powerpc-eabi/13.1.0\libgcc.a(_umoddi3.o)
 .text          0x00000000       0x4c C:/devkitPro/devkitPPC/bin/../lib/gcc/powerpc-eabi/13.1.0\libgcc.a(crtsavfpr.o)
 .data          0x00000000        0x0 C:/devkitPro/devkitPPC/bin/../lib/gcc/powerpc-eabi/13.1.0\libgcc.a(crtsavfpr.o)
 .bss           0x00000000        0x0 C:/devkitPro/devkitPPC/bin/../lib/gcc/powerpc-eabi/13.1.0\libgcc.a(crtsavfpr.o)

Memory Configuration

Name             Origin             Length             Attributes
*default*        0x00000000         0xffffffff

Linker script and memory map

                0x80003100                        . = 0x80003100

.init
 *crt0.o(*.init)
 *(.init)

.plt
 *(.plt)

.interp
 *(.interp)

.hash
 *(.hash)

.dynsym
 *(.dynsym)

.dynstr
 *(.dynstr)

.gnu.version
 *(.gnu.version)

.gnu.version_d
 *(.gnu.version_d)

.gnu.version_r
 *(.gnu.version_r)

.rel.init
 *(.rel.init)

.rela.init
 *(.rela.init)

.rel.text
 *(.rel.text .rel.text.* .rel.gnu.linkonce.t.*)

.rela.text
 *(.rela.text .rela.text.* .rela.gnu.linkonce.t.*)

.rel.fini
 *(.rel.fini)

.rela.fini
 *(.rela.fini)

.rel.rodata
 *(.rel.rodata .rel.rodata.* .rel.gnu.linkonce.r.*)

.rela.rodata
 *(.rela.rodata .rela.rodata.* .rela.gnu.linkonce.r.*)

.rel.data
 *(.rel.data .rel.data.* .rel.gnu.linkonce.d.*)

.rela.data
 *(.rela.data .rela.data.* .rela.gnu.linkonce.d.*)

.rel.tdata
 *(.rel.tdata .rel.tdata.* .rel.gnu.linkonce.td.*)

.rela.tdata
 *(.rela.tdata .rela.tdata.* .rela.gnu.linkonce.td.*)

.rel.tbss
 *(.rel.tbss .rel.tbss.* .rel.gnu.linkonce.tb.*)

.rela.tbss
 *(.rela.tbss .rela.tbss.* .rela.gnu.linkonce.tb.*)

.rel.ctors
 *(.rel.ctors)

.rela.ctors
 *(.rela.ctors)

.rel.dtors
 *(.rel.dtors)

.rela.dtors
 *(.rela.dtors)

.rel.got
 *(.rel.got)

.rela.got
 *(.rela.got)

.rela.got1
 *(.rela.got1)

.rela.got2
 *(.rela.got2)

.rel.sdata
 *(.rel.sdata .rel.sdata.* .rel.gnu.linkonce.s.*)

.rela.sdata
 *(.rela.sdata .rela.sdata.* .rela.gnu.linkonce.s.*)

.rel.sbss
 *(.rel.sbss .rel.sbss.* .rel.gnu.linkonce.sb.*)

.rela.sbss
 *(.rela.sbss .rela.sbss.* .rel.gnu.linkonce.sb.*)

.rel.sdata2
 *(.rel.sdata2 .rel.sdata2.* .rel.gnu.linkonce.s2.*)

.rela.sdata2
 *(.rela.sdata2 .rela.sdata2.* .rela.gnu.linkonce.s2.*)

.rel.sbss2
 *(.rel.sbss2 .rel.sbss2.* .rel.gnu.linkonce.sb2.*)

.rela.sbss2
 *(.rela.sbss2 .rela.sbss2.* .rela.gnu.linkonce.sb2.*)

.rel.bss
 *(.rel.bss .rel.bss.* .rel.gnu.linkonce.b.*)

.rela.bss
 *(.rela.bss .rela.bss.* .rela.gnu.linkonce.b.*)

.rel.plt
 *(.rel.plt)

.rela.plt
 *(.rela.plt)

.text           0x80003100      0x280
 *(.text)
 .text          0x80003100       0x58 restgpr_x.o
                0x80003100                _restgpr_14_x
                0x80003104                _restgpr_15_x
                0x80003108                _restgpr_16_x
                0x8000310c                _restgpr_17_x
                0x80003110                _restgpr_18_x
                0x80003114                _restgpr_19_x
                0x80003118                _restgpr_20_x
                0x8000311c                _restgpr_21_x
                0x80003120                _restgpr_22_x
                0x80003124                _restgpr_23_x
                0x80003128                _restgpr_24_x
                0x8000312c                _restgpr_25_x
                0x80003130                _restgpr_26_x
                0x80003134                _restgpr_27_x
                0x80003138                _restgpr_28_x
                0x8000313c                _restgpr_29_x
                0x80003140                _restgpr_30_x
                0x80003144                _restgpr_31_x
 *(.text.*)
 .text._Znwj    0x80003158        0xc cxx.o
                0x80003158                _Znwj
 .text._Znaj    0x80003164        0x4 cxx.o
                0x80003164                _Znaj
 .text._ZZN3mod12infinite_pit3Mod4InitEvENUlvE_4_FUNEv
                0x80003168       0x10 mod.o
 .text._ZZN3mod12infinite_pit3Mod4InitEvENUlvE0_4_FUNEv
                0x80003178        0x4 mod.o
 .text._ZN3mod12infinite_pit3Mod4InitEv
                0x8000317c       0xc4 mod.o
                0x8000317c                _ZN3mod12infinite_pit3Mod4InitEv
 .text.startup._ZN3mod4mainEv
                0x80003240       0x24 mod.o
                0x80003240                _ZN3mod4mainEv
 .text._ZN3mod5patch17clear_DC_IC_CacheEPvj
                0x80003264       0x3c patch.o
                0x80003264                _ZN3mod5patch17clear_DC_IC_CacheEPvj
 .text._ZN3mod5patch15writeBranchMainEPvS1_j
                0x800032a0       0x18 patch.o
                0x800032a0                _ZN3mod5patch15writeBranchMainEPvS1_j
 .text._ZN3mod5patch11writeBranchEPvS1_
                0x800032b8        0x8 patch.o
                0x800032b8                _ZN3mod5patch11writeBranchEPvS1_
 .text._prolog  0x800032c0       0x5c rel.o
                0x800032c0                _prolog
 .text._epilog  0x8000331c       0x4c rel.o
                0x8000331c                _epilog
 .text._unresolved
                0x80003368        0x4 rel.o
                0x80003368                _unresolved
 *(.gnu.warning)
 *(.gnu.linkonce.t.*)
                0x80003380                        . = ALIGN (0x20)
 *fill*         0x8000336c       0x14 00000000

.fini           0x80003380        0x0
 *(.fini)
                0x80003380                        . = ALIGN (0x20)
                [!provide]                        PROVIDE (__etext = .)
                [!provide]                        PROVIDE (_etext = .)
                [!provide]                        PROVIDE (etext = .)

.rodata
 *(.rodata)
 *(.rodata.*)
 *(.gnu.linkonce.r.*)

.rodata1
 *(.rodata1)

.sdata2         0x80003380        0x0
                [!provide]                        PROVIDE (_SDA2_BASE_ = .)
 *(.sdata2)
 *(.sdata2.*)
 *(.gnu.linkonce.s2.*)

.sbss2
 *(.sbss2)
 *(.sbss2.*)
 *(.gnu.linkonce.sb2.*)
                0x80003380                        . = ALIGN (0x4)
                [!provide]                        PROVIDE (__preinit_array_start = .)

.preinit_array
 *(.preinit_array)
                [!provide]                        PROVIDE (__preinit_array_end = .)
                [!provide]                        PROVIDE (__init_array_start = .)

.init_array
 *(.init_array)
                [!provide]                        PROVIDE (__init_array_end = .)
                [!provide]                        PROVIDE (__fini_array_start = .)

.fini_array
 *(.fini_array)
                [!provide]                        PROVIDE (__fini_array_end = .)

.data           0x80003380        0x0
 *(.data)
 *(.data.*)
 *(.gnu.linkonce.d.*)
                0x80003380                        . = ALIGN (0x20)

.data1
 *(.data1)

.tdata
 *(.tdata .tdata.* .gnu.linkonce.td.*)

.tbss
 *(.tbss .tbss.* .gnu.linkonce.tb.*)
 *(.tcommon)

.eh_frame       0x80003380      0x19c
 *(.eh_frame)
 .eh_frame      0x80003380        0x0 common_functions.o
                                0x194 (size before relaxing)
 .eh_frame      0x80003380        0x0 common_ui.o
                                0x110 (size before relaxing)
 .eh_frame      0x80003380       0x3c cxx.o
                                 0x64 (size before relaxing)
 .eh_frame      0x800033bc        0x0 keyboard.o
                                 0xd0 (size before relaxing)
 .eh_frame      0x800033bc       0x80 mod.o
                                 0xd0 (size before relaxing)
 .eh_frame      0x8000343c       0x64 patch.o
                                0x150 (size before relaxing)
 .eh_frame      0x800034a0       0x7c rel.o
 .eh_frame      0x8000351c        0x0 C:/devkitPro/devkitPPC/bin/../lib/gcc/powerpc-eabi/13.1.0\libgcc.a(_lshrdi3.o)
                                 0x28 (size before relaxing)
 .eh_frame      0x8000351c        0x0 C:/devkitPro/devkitPPC/bin/../lib/gcc/powerpc-eabi/13.1.0\libgcc.a(_divdi3.o)
                                 0x3c (size before relaxing)
 .eh_frame      0x8000351c        0x0 C:/devkitPro/devkitPPC/bin/../lib/gcc/powerpc-eabi/13.1.0\libgcc.a(_moddi3.o)
                                 0x40 (size before relaxing)
 .eh_frame      0x8000351c        0x0 C:/devkitPro/devkitPPC/bin/../lib/gcc/powerpc-eabi/13.1.0\libgcc.a(_udivdi3.o)
                                 0x48 (size before relaxing)
 .eh_frame      0x8000351c        0x0 C:/devkitPro/devkitPPC/bin/../lib/gcc/powerpc-eabi/13.1.0\libgcc.a(_umoddi3.o)
                                 0x50 (size before relaxing)
 .eh_frame      0x8000351c        0x0 C:/devkitPro/devkitPPC/bin/../lib/gcc/powerpc-eabi/13.1.0\libgcc.a(crtsavfpr.o)
                                 0x28 (size before relaxing)

.gcc_except_table
 *(.gcc_except_table)

.fixup
 *(.fixup)

.got1
 *(.got1)

.got2
 *(.got2)

.dynamic
 *(.dynamic)

.ctors          0x8000351c        0x4
 *crtbegin.o(.ctors)
 *(EXCLUDE_FILE(*crtend.o) .ctors)
 *(SORT_BY_NAME(.ctors.*))
 *(.ctors)
                0x80003520                        . = ALIGN (0x20)
 *fill*         0x8000351c        0x4 

.dtors          0x80003520        0x0
 *crtbegin.o(.dtors)
 *(EXCLUDE_FILE(*crtend.o) .dtors)
 *(SORT_BY_NAME(.dtors.*))
 *(.dtors)
                0x80003520                        . = ALIGN (0x20)

.jcr
 *(.jcr)

.got
 *(.got.plt)
 *(.got)

.sdata          0x80003520        0x0
                [!provide]                        PROVIDE (_SDA_BASE_ = .)
 *(.sdata)
 *(.sdata.*)
 *(.gnu.linkonce.s.*)
                0x80003520                        . = ALIGN (0x20)
                0x80003520                        _edata = .
                [!provide]                        PROVIDE (edata = .)

.sbss           0x80003520        0x0
                0x80003520                        __sbss_start = .
                [!provide]                        PROVIDE (__sbss_start = .)
                [!provide]                        PROVIDE (___sbss_start = .)
 *(.dynsbss)
 *(.sbss)
 *(.sbss.*)
 *(.gnu.linkonce.sb.*)
 *(.scommon)
                [!provide]                        PROVIDE (__sbss_end = .)
                [!provide]                        PROVIDE (___sbss_end = .)
                0x80003520                        . = ALIGN (0x20)
                0x80003520                        __sbss_end = .

.bss            0x80003520       0x20
                0x80003520                        __bss_start = .
                [!provide]                        PROVIDE (__bss_start = .)
 *(.dynbss)
 *(.bss)
 *(.bss.*)
 .bss._ZN3mod12infinite_pit12_GLOBAL__N_123marioStMain_trampoline_E
                0x80003520        0x4 mod.o
 .bss._ZN3mod12infinite_pit5g_ModE
                0x80003524        0x4 mod.o
                0x80003524                _ZN3mod12infinite_pit5g_ModE
 *(.gnu.linkonce.b.*)
 *(COMMON)
                0x80003540                        . = ALIGN (0x20)
 *fill*         0x80003528       0x18 
                [!provide]                        PROVIDE (__bss_end = .)
                0x80003540                        __bss_end = .
                0x80003540                        _end = .
                [!provide]                        PROVIDE (end = .)

.stab
 *(.stab)

.stabstr
 *(.stabstr)

.stab.excl
 *(.stab.excl)

.stab.exclstr
 *(.stab.exclstr)

.stab.index
 *(.stab.index)

.stab.indexstr
 *(.stab.indexstr)

.comment        0x00000000      0x1c8
 *(.comment)
 .comment       0x00000000       0x26 common_functions.o
 .comment       0x00000026       0x26 common_ui.o
 .comment       0x0000004c       0x26 cxx.o
 .comment       0x00000072       0x26 keyboard.o
 .comment       0x00000098       0x26 mod.o
 .comment       0x000000be       0x26 patch.o
 .comment       0x000000e4       0x26 rel.o
 .comment       0x0000010a       0x26 C:/devkitPro/devkitPPC/bin/../lib/gcc/powerpc-eabi/13.1.0\libgcc.a(_lshrdi3.o)
 .comment       0x00000130       0x26 C:/devkitPro/devkitPPC/bin/../lib/gcc/powerpc-eabi/13.1.0\libgcc.a(_divdi3.o)
 .comment       0x00000156       0x26 C:/devkitPro/devkitPPC/bin/../lib/gcc/powerpc-eabi/13.1.0\libgcc.a(_moddi3.o)
 .comment       0x0000017c       0x26 C:/devkitPro/devkitPPC/bin/../lib/gcc/powerpc-eabi/13.1.0\libgcc.a(_udivdi3.o)
 .comment       0x000001a2       0x26 C:/devkitPro/devkitPPC/bin/../lib/gcc/powerpc-eabi/13.1.0\libgcc.a(_umoddi3.o)

.gnu.attributes
                0x00000000       0x10
 .gnu.attributes
                0x00000000       0x10 common_ui.o

.debug
 *(.debug)

.line
 *(.line)

.debug_srcinfo
 *(.debug_srcinfo)

.debug_sfnames
 *(.debug_sfnames)

.debug_aranges  0x00000000      0x238
 *(.debug_aranges)
 .debug_aranges
                0x00000000       0x88 common_functions.o
 .debug_aranges
                0x00000088       0x48 common_ui.o
 .debug_aranges
                0x000000d0       0x38 cxx.o
 .debug_aranges
                0x00000108       0x40 keyboard.o
 .debug_aranges
                0x00000148       0x58 mod.o
 .debug_aranges
                0x000001a0       0x68 patch.o
 .debug_aranges
                0x00000208       0x30 rel.o

.debug_pubnames
 *(.debug_pubnames)

.debug_info     0x00000000     0x558d
 *(.debug_info)
 .debug_info    0x00000000     0x1b87 common_functions.o
 .debug_info    0x00001b87      0xdac common_ui.o
 .debug_info    0x00002933      0x47c cxx.o
 .debug_info    0x00002daf      0xd68 keyboard.o
 .debug_info    0x00003b17      0xe26 mod.o
 .debug_info    0x0000493d      0xb4d patch.o
 .debug_info    0x0000548a      0x103 rel.o

.debug_abbrev   0x00000000     0x135a
 *(.debug_abbrev)
 .debug_abbrev  0x00000000      0x43b common_functions.o
 .debug_abbrev  0x0000043b      0x2f2 common_ui.o
 .debug_abbrev  0x0000072d      0x16f cxx.o
 .debug_abbrev  0x0000089c      0x3bd keyboard.o
 .debug_abbrev  0x00000c59      0x45b mod.o
 .debug_abbrev  0x000010b4      0x1b6 patch.o
 .debug_abbrev  0x0000126a       0xf0 rel.o

.debug_line     0x00000000     0x1f82
 *(.debug_line)
 .debug_line    0x00000000      0x723 common_functions.o
 .debug_line    0x00000723      0x5a8 common_ui.o
 .debug_line    0x00000ccb      0x25f cxx.o
 .debug_line    0x00000f2a      0x61b keyboard.o
 .debug_line    0x00001545      0x497 mod.o
 .debug_line    0x000019dc      0x457 patch.o
 .debug_line    0x00001e33      0x14f rel.o

.debug_frame
 *(.debug_frame)

.debug_str      0x00000000     0x3e08
 *(.debug_str)
 .debug_str     0x00000000     0x1126 common_functions.o
 .debug_str     0x00001126      0x7d2 common_ui.o
 .debug_str     0x000018f8      0x465 cxx.o
 .debug_str     0x00001d5d      0xaa8 keyboard.o
 .debug_str     0x00002805      0xd40 mod.o
 .debug_str     0x00003545      0x71d patch.o
 .debug_str     0x00003c62      0x1a6 rel.o

.debug_loc
 *(.debug_loc)

.debug_macinfo
 *(.debug_macinfo)

.debug_weaknames
 *(.debug_weaknames)

.debug_funcnames
 *(.debug_funcnames)

.debug_typenames
 *(.debug_typenames)

.debug_varnames
 *(.debug_varnames)
                0x00000000                        __isIPL = 0x0
                0x80023540                        __stack_addr = ((((__bss_start + SIZEOF (.bss)) + 0x20000) + 0x7) & 0xfffffffffffffff8)
                0x80003540                        __stack_end = (__bss_start + SIZEOF (.bss))
                0x80027540                        __intrstack_addr = (__stack_addr + 0x4000)
                0x80023540                        __intrstack_end = __stack_addr
                0x80027540                        __Arena1Lo = ((__intrstack_addr + 0x1f) & 0xffffffffffffffe0)
                0x817feff0                        __Arena1Hi = 0x817feff0
                0x817ff000                        __gxregs = ((__Arena1Hi + 0x1f) & 0xffffffffffffffe0)
                [!provide]                        PROVIDE (__stack = 0x817feff0)
                [!provide]                        PROVIDE (__isIPL = __isIPL)
                [!provide]                        PROVIDE (__stack_addr = __stack_addr)
                [!provide]                        PROVIDE (__stack_end = __stack_end)
                [!provide]                        PROVIDE (__intrstack_addr = __intrstack_addr)
                [!provide]                        PROVIDE (__intrstack_end = __intrstack_end)
                [!provide]                        PROVIDE (__Arena1Lo = __Arena1Lo)
                [!provide]                        PROVIDE (__Arena1Hi = __Arena1Hi)
                [!provide]                        PROVIDE (__gxregs = __gxregs)
LOAD C:/Users/Rainchus/Desktop/TTYD_Modding/ttyd-tools/rel/source/cxx.ld
                0x8000351c                        _ctors_start = ADDR (.ctors)
                0x80003520                        _ctors_end = (_ctors_start + SIZEOF (.ctors))
                0x80003520                        _dtors_start = ADDR (.dtors)
                0x80003520                        _dtors_end = (_dtors_start + SIZEOF (.dtors))
LOAD common_functions.o
LOAD common_ui.o
LOAD cxx.o
LOAD keyboard.o
LOAD mod.o
LOAD patch.o
LOAD rel.o
LOAD custom_strings.o
LOAD restfpr_x.o
LOAD restgpr_x.o
LOAD C:/devkitPro/devkitPPC/bin/../lib/gcc/powerpc-eabi/13.1.0/../../../../powerpc-eabi/lib\libm.a
LOAD C:/devkitPro/devkitPPC/bin/../lib/gcc/powerpc-eabi/13.1.0\libgcc.a
OUTPUT(C:/Users/Rainchus/Desktop/TTYD_Modding/ttyd-tools/rel/rel.us.elf elf32-powerpc)

.debug_loclists
                0x00000000     0x1019
 .debug_loclists
                0x00000000      0x3da common_functions.o
 .debug_loclists
                0x000003da      0x4f5 common_ui.o
 .debug_loclists
                0x000008cf       0x54 cxx.o
 .debug_loclists
                0x00000923      0x176 keyboard.o
 .debug_loclists
                0x00000a99       0x68 mod.o
 .debug_loclists
                0x00000b01      0x4cb patch.o
 .debug_loclists
                0x00000fcc       0x4d rel.o

.debug_rnglists
                0x00000000      0x298
 .debug_rnglists
                0x00000000       0x8f common_functions.o
 .debug_rnglists
                0x0000008f       0x6a common_ui.o
 .debug_rnglists
                0x000000f9       0x25 cxx.o
 .debug_rnglists
                0x0000011e       0xa4 keyboard.o
 .debug_rnglists
                0x000001c2       0x50 mod.o
 .debug_rnglists
                0x00000212       0x49 patch.o
 .debug_rnglists
                0x0000025b       0x3d rel.o
