Archive member included to satisfy reference by file (symbol)

c:/devkitpro/devkitppc/bin/../lib/gcc/powerpc-eabi/12.1.0\libgcc.a(_lshrdi3.o)
                              keyboard.o (__lshrdi3)
c:/devkitpro/devkitppc/bin/../lib/gcc/powerpc-eabi/12.1.0\libgcc.a(_divdi3.o)
                              common_functions.o (__divdi3)
c:/devkitpro/devkitppc/bin/../lib/gcc/powerpc-eabi/12.1.0\libgcc.a(_moddi3.o)
                              common_functions.o (__moddi3)
c:/devkitpro/devkitppc/bin/../lib/gcc/powerpc-eabi/12.1.0\libgcc.a(_udivdi3.o)
                              common_functions.o (__udivdi3)
c:/devkitpro/devkitppc/bin/../lib/gcc/powerpc-eabi/12.1.0\libgcc.a(_umoddi3.o)
                              common_functions.o (__umoddi3)
c:/devkitpro/devkitppc/bin/../lib/gcc/powerpc-eabi/12.1.0\libgcc.a(crtsavfpr.o)
                              common_ui.o (_savefpr_27)

Discarded input sections

 .text          0x0000000000000000        0x0 common_functions.o
 .data          0x0000000000000000        0x0 common_functions.o
 .bss           0x0000000000000000        0x0 common_functions.o
 .text._ZN3mod8CheckSeqEN4ttyd6seqdrv8SeqIndexE
                0x0000000000000000       0x48 common_functions.o
 .rodata._ZN3mod15InMainGameModesEv.str1.1
                0x0000000000000000        0xd common_functions.o
 .text._ZN3mod15InMainGameModesEv
                0x0000000000000000       0x70 common_functions.o
 .text._ZN3mod11InPauseMenuEv
                0x0000000000000000       0x2c common_functions.o
 .text._ZN3mod14GetCurrentAreaEv
                0x0000000000000000       0x10 common_functions.o
 .text._ZN3mod13GetCurrentMapEv
                0x0000000000000000       0x10 common_functions.o
 .text._ZN3mod10GetNextMapEv
                0x0000000000000000        0xc common_functions.o
 .rodata._ZN3mod16ModuleNameFromIdENS_8ModuleId1eE.str1.1
                0x0000000000000000        0x7 common_functions.o
 .text._ZN3mod16ModuleNameFromIdENS_8ModuleId1eE
                0x0000000000000000       0x28 common_functions.o
 .text._ZN3mod13LinkCustomEvtENS_8ModuleId1eEPvPi
                0x0000000000000000       0x9c common_functions.o
 .text._ZN3mod15UnlinkCustomEvtENS_8ModuleId1eEPvPi
                0x0000000000000000       0xa8 common_functions.o
 .text._ZN3mod12CountSetBitsEj
                0x0000000000000000       0x54 common_functions.o
 .text._ZN3mod10GetBitMaskEjj
                0x0000000000000000       0x20 common_functions.o
 .text._ZN3mod17GetShiftedBitMaskEjjj
                0x0000000000000000       0x34 common_functions.o
 .rodata._ZN3mod18IntegerToFmtStringEiPci.str1.1
                0x0000000000000000       0x18 common_functions.o
 .text._ZN3mod18IntegerToFmtStringEiPci
                0x0000000000000000       0xa8 common_functions.o
 .rodata._ZN3mod24DurationTicksToFmtStringExPc.str1.1
                0x0000000000000000       0x14 common_functions.o
 .text._ZN3mod24DurationTicksToFmtStringExPc
                0x0000000000000000      0x118 common_functions.o
 .rodata.str1.1
                0x0000000000000000       0x75 common_functions.o
 .rodata._ZZN3mod16ModuleNameFromIdENS_8ModuleId1eEE12kModuleNames
                0x0000000000000000       0x78 common_functions.o
 .text          0x0000000000000000        0x0 common_ui.o
 .data          0x0000000000000000        0x0 common_ui.o
 .bss           0x0000000000000000        0x0 common_ui.o
 .text._ZZN3mod20RegisterDrawCallbackEPFvvEN4ttyd7dispdrv8CameraIdEfENUlS4_PvE_4_FUNES4_S5_
                0x0000000000000000        0x8 common_ui.o
 .text._ZN3mod20RegisterDrawCallbackEPFvvEN4ttyd7dispdrv8CameraIdEf
                0x0000000000000000       0x18 common_ui.o
 .text._ZN3mod17GetTextDimensionsEPKcfPfS2_
                0x0000000000000000       0x94 common_ui.o
 .text._ZN3mod8DrawTextEPKcffhbjfi
                0x0000000000000000      0x1f4 common_ui.o
 .text._ZN3mod10DrawWindowEjfffff
                0x0000000000000000       0x2c common_ui.o
 .text._ZN3mod22DrawCenteredTextWindowEPKcffhbjfjff
                0x0000000000000000       0xd8 common_ui.o
 .rodata.cst4   0x0000000000000000       0x14 common_ui.o
 .text          0x0000000000000000        0x0 cxx.o
 .data          0x0000000000000000        0x0 cxx.o
 .bss           0x0000000000000000        0x0 cxx.o
 .text._ZdlPv   0x0000000000000000        0xc cxx.o
 .text._ZdaPv   0x0000000000000000        0x4 cxx.o
 .text          0x0000000000000000        0x0 keyboard.o
 .data          0x0000000000000000        0x0 keyboard.o
 .bss           0x0000000000000000        0x0 keyboard.o
 .text._ZN3mod8Keyboard7connectEv
                0x0000000000000000       0x58 keyboard.o
 .text._ZN3mod8KeyboardC2Ei
                0x0000000000000000       0x20 keyboard.o
 .text._ZN3mod8Keyboard10disconnectEv
                0x0000000000000000       0x40 keyboard.o
 .text._ZN3mod8Keyboard10setChannelEi
                0x0000000000000000       0x48 keyboard.o
 .text._ZN3mod8Keyboard6updateEv
                0x0000000000000000      0x1d4 keyboard.o
 .text          0x0000000000000000        0x0 mod.o
 .data          0x0000000000000000        0x0 mod.o
 .bss           0x0000000000000000        0x0 mod.o
 .text._ZN3mod12infinite_pit20ApplyAllFixedPatchesEv
                0x0000000000000000        0x4 mod.o
 .text._ZN3mod12infinite_pit3ModC2Ev
                0x0000000000000000        0x4 mod.o
 .text._ZN3mod12infinite_pit3Mod6UpdateEv
                0x0000000000000000        0x4 mod.o
 .text._ZN3mod12infinite_pit3Mod4DrawEv
                0x0000000000000000        0x4 mod.o
 .text          0x0000000000000000        0x0 mod_debug.o
 .data          0x0000000000000000        0x0 mod_debug.o
 .bss           0x0000000000000000        0x0 mod_debug.o
 .text._ZN3mod12infinite_pit12DebugManager6UpdateEv
                0x0000000000000000      0x488 mod_debug.o
 .rodata._ZN3mod12infinite_pit12DebugManager4DrawEv.str1.1
                0x0000000000000000       0xc9 mod_debug.o
 .text._ZN3mod12infinite_pit12DebugManager4DrawEv
                0x0000000000000000      0x330 mod_debug.o
 .rodata._ZN3mod12infinite_pit12DebugManager4DrawEv
                0x0000000000000000       0x14 mod_debug.o
 .text._ZN3mod12infinite_pit12DebugManager10ChangeModeEv
                0x0000000000000000       0x28 mod_debug.o
 .text._ZN3mod12infinite_pit12DebugManager10GetEnemiesEv
                0x0000000000000000       0x30 mod_debug.o
 .data._ZN3mod12infinite_pit12_GLOBAL__N_114g_DebugEnemiesE
                0x0000000000000000       0x14 mod_debug.o
 .bss._ZN3mod12infinite_pit12_GLOBAL__N_111g_CursorPosE
                0x0000000000000000        0x4 mod_debug.o
 .data._ZN3mod12infinite_pit12_GLOBAL__N_111g_DebugModeE
                0x0000000000000000        0x4 mod_debug.o
 .rodata.cst4   0x0000000000000000       0x30 mod_debug.o
 .text          0x0000000000000000        0x0 patch.o
 .data          0x0000000000000000        0x0 patch.o
 .bss           0x0000000000000000        0x0 patch.o
 .text._ZN3mod5patch21writeStandardBranchesEPvPFvvES3_
                0x0000000000000000       0x3c patch.o
 .text._ZN3mod5patch13writeBranchBLEPvS1_
                0x0000000000000000        0xc patch.o
 .text._ZN3mod5patch10writePatchEPvPKvj
                0x0000000000000000       0x5c patch.o
 .text._ZN3mod5patch10writePatchEPvPKvS3_
                0x0000000000000000        0x8 patch.o
 .text._ZN3mod5patch10writePatchEPvj
                0x0000000000000000       0x2c patch.o
 .text._ZN3mod5patch15writeBranchPairEPvS1_S1_S1_
                0x0000000000000000       0x40 patch.o
 .text._ZN3mod5patch15writeBranchPairEPvS1_S1_
                0x0000000000000000       0x3c patch.o
 .text          0x0000000000000000        0x0 rel.o
 .data          0x0000000000000000        0x0 rel.o
 .bss           0x0000000000000000        0x0 rel.o
 .text          0x0000000000000000       0x10 action_menu_patches.o
 .data          0x0000000000000000        0x0 action_menu_patches.o
 .bss           0x0000000000000000        0x0 action_menu_patches.o
 .text          0x0000000000000000       0x6c audience_item_patches.o
 .data          0x0000000000000000        0x0 audience_item_patches.o
 .bss           0x0000000000000000        0x0 audience_item_patches.o
 .text          0x0000000000000000       0x38 audience_level_patches.o
 .data          0x0000000000000000        0x0 audience_level_patches.o
 .bss           0x0000000000000000        0x0 audience_level_patches.o
 .text          0x0000000000000000       0x18 battle_end_patches.o
 .data          0x0000000000000000        0x0 battle_end_patches.o
 .bss           0x0000000000000000        0x0 battle_end_patches.o
 .text          0x0000000000000000       0x6c charlieton_patches.o
 .data          0x0000000000000000        0x0 charlieton_patches.o
 .bss           0x0000000000000000        0x0 charlieton_patches.o
 .text          0x0000000000000000        0x8 crash_handler_patches.o
 .data          0x0000000000000000        0x0 crash_handler_patches.o
 .bss           0x0000000000000000        0x0 crash_handler_patches.o
 .text          0x0000000000000000       0xb8 danger_threshold_patches.o
 .data          0x0000000000000000        0x0 danger_threshold_patches.o
 .bss           0x0000000000000000        0x0 danger_threshold_patches.o
 .text          0x0000000000000000       0x30 eff_updown_disp_patches.o
 .data          0x0000000000000000        0x0 eff_updown_disp_patches.o
 .bss           0x0000000000000000        0x0 eff_updown_disp_patches.o
 .text          0x0000000000000000        0xc enemy_sampling_patches.o
 .data          0x0000000000000000        0x0 enemy_sampling_patches.o
 .bss           0x0000000000000000        0x0 enemy_sampling_patches.o
 .text          0x0000000000000000       0x28 evasion_badge_patches.o
 .data          0x0000000000000000        0x0 evasion_badge_patches.o
 .bss           0x0000000000000000        0x0 evasion_badge_patches.o
 .text          0x0000000000000000        0x8 held_item_disp_patches.o
 .data          0x0000000000000000        0x0 held_item_disp_patches.o
 .bss           0x0000000000000000        0x0 held_item_disp_patches.o
 .text          0x0000000000000000       0x14 map_change_patches.o
 .data          0x0000000000000000        0x0 map_change_patches.o
 .bss           0x0000000000000000        0x0 map_change_patches.o
 .text          0x0000000000000000       0x98 menu_patches.o
 .data          0x0000000000000000        0x0 menu_patches.o
 .bss           0x0000000000000000        0x0 menu_patches.o
 .text          0x0000000000000000        0x8 pouch_alloc_patches.o
 .data          0x0000000000000000        0x0 pouch_alloc_patches.o
 .bss           0x0000000000000000        0x0 pouch_alloc_patches.o
 .text          0x0000000000000000       0x60 rush_badge_patches.o
 .data          0x0000000000000000        0x0 rush_badge_patches.o
 .bss           0x0000000000000000        0x0 rush_badge_patches.o
 .text          0x0000000000000000       0x2c special_move_patches.o
 .data          0x0000000000000000        0x0 special_move_patches.o
 .bss           0x0000000000000000        0x0 special_move_patches.o
 .text          0x0000000000000000       0xe8 star_power_patches.o
 .data          0x0000000000000000        0x0 star_power_patches.o
 .bss           0x0000000000000000        0x0 star_power_patches.o
 .text          0x0000000000000000       0x18 status_window_patches.o
 .data          0x0000000000000000        0x0 status_window_patches.o
 .bss           0x0000000000000000        0x0 status_window_patches.o
 .text          0x0000000000000000        0xc tattle_disp_patches.o
 .data          0x0000000000000000        0x0 tattle_disp_patches.o
 .bss           0x0000000000000000        0x0 tattle_disp_patches.o
 .text          0x0000000000000000       0x58 restfpr_x.o
 .data          0x0000000000000000        0x0 restfpr_x.o
 .bss           0x0000000000000000        0x0 restfpr_x.o
 .data          0x0000000000000000        0x0 restgpr_x.o
 .bss           0x0000000000000000        0x0 restgpr_x.o
 .text          0x0000000000000000        0x0 c:/devkitpro/devkitppc/bin/../lib/gcc/powerpc-eabi/12.1.0\libgcc.a(_lshrdi3.o)
 .data          0x0000000000000000        0x0 c:/devkitpro/devkitppc/bin/../lib/gcc/powerpc-eabi/12.1.0\libgcc.a(_lshrdi3.o)
 .bss           0x0000000000000000        0x0 c:/devkitpro/devkitppc/bin/../lib/gcc/powerpc-eabi/12.1.0\libgcc.a(_lshrdi3.o)
 .text.__lshrdi3
                0x0000000000000000       0x40 c:/devkitpro/devkitppc/bin/../lib/gcc/powerpc-eabi/12.1.0\libgcc.a(_lshrdi3.o)
 .text          0x0000000000000000        0x0 c:/devkitpro/devkitppc/bin/../lib/gcc/powerpc-eabi/12.1.0\libgcc.a(_divdi3.o)
 .data          0x0000000000000000        0x0 c:/devkitpro/devkitppc/bin/../lib/gcc/powerpc-eabi/12.1.0\libgcc.a(_divdi3.o)
 .bss           0x0000000000000000        0x0 c:/devkitpro/devkitppc/bin/../lib/gcc/powerpc-eabi/12.1.0\libgcc.a(_divdi3.o)
 .text.__divdi3
                0x0000000000000000      0x3f0 c:/devkitpro/devkitppc/bin/../lib/gcc/powerpc-eabi/12.1.0\libgcc.a(_divdi3.o)
 .text          0x0000000000000000        0x0 c:/devkitpro/devkitppc/bin/../lib/gcc/powerpc-eabi/12.1.0\libgcc.a(_moddi3.o)
 .data          0x0000000000000000        0x0 c:/devkitpro/devkitppc/bin/../lib/gcc/powerpc-eabi/12.1.0\libgcc.a(_moddi3.o)
 .bss           0x0000000000000000        0x0 c:/devkitpro/devkitppc/bin/../lib/gcc/powerpc-eabi/12.1.0\libgcc.a(_moddi3.o)
 .text.__moddi3
                0x0000000000000000      0x3a4 c:/devkitpro/devkitppc/bin/../lib/gcc/powerpc-eabi/12.1.0\libgcc.a(_moddi3.o)
 .text          0x0000000000000000        0x0 c:/devkitpro/devkitppc/bin/../lib/gcc/powerpc-eabi/12.1.0\libgcc.a(_udivdi3.o)
 .data          0x0000000000000000        0x0 c:/devkitpro/devkitppc/bin/../lib/gcc/powerpc-eabi/12.1.0\libgcc.a(_udivdi3.o)
 .bss           0x0000000000000000        0x0 c:/devkitpro/devkitppc/bin/../lib/gcc/powerpc-eabi/12.1.0\libgcc.a(_udivdi3.o)
 .text.__udivdi3
                0x0000000000000000      0x3bc c:/devkitpro/devkitppc/bin/../lib/gcc/powerpc-eabi/12.1.0\libgcc.a(_udivdi3.o)
 .text          0x0000000000000000        0x0 c:/devkitpro/devkitppc/bin/../lib/gcc/powerpc-eabi/12.1.0\libgcc.a(_umoddi3.o)
 .data          0x0000000000000000        0x0 c:/devkitpro/devkitppc/bin/../lib/gcc/powerpc-eabi/12.1.0\libgcc.a(_umoddi3.o)
 .bss           0x0000000000000000        0x0 c:/devkitpro/devkitppc/bin/../lib/gcc/powerpc-eabi/12.1.0\libgcc.a(_umoddi3.o)
 .text.__umoddi3
                0x0000000000000000      0x390 c:/devkitpro/devkitppc/bin/../lib/gcc/powerpc-eabi/12.1.0\libgcc.a(_umoddi3.o)
 .text          0x0000000000000000       0x4c c:/devkitpro/devkitppc/bin/../lib/gcc/powerpc-eabi/12.1.0\libgcc.a(crtsavfpr.o)
 .data          0x0000000000000000        0x0 c:/devkitpro/devkitppc/bin/../lib/gcc/powerpc-eabi/12.1.0\libgcc.a(crtsavfpr.o)
 .bss           0x0000000000000000        0x0 c:/devkitpro/devkitppc/bin/../lib/gcc/powerpc-eabi/12.1.0\libgcc.a(crtsavfpr.o)

Memory Configuration

Name             Origin             Length             Attributes
*default*        0x0000000000000000 0xffffffffffffffff

Linker script and memory map

                0x0000000080003100                . = 0x80003100

.init
 *crt0.o(*.init)
 *(.init)

.plt
 *(.plt)

.interp
 *(.interp)

.hash
 *(.hash)

.dynsym
 *(.dynsym)

.dynstr
 *(.dynstr)

.gnu.version
 *(.gnu.version)

.gnu.version_d
 *(.gnu.version_d)

.gnu.version_r
 *(.gnu.version_r)

.rel.init
 *(.rel.init)

.rela.init
 *(.rela.init)

.rel.text
 *(.rel.text .rel.text.* .rel.gnu.linkonce.t.*)

.rela.text
 *(.rela.text .rela.text.* .rela.gnu.linkonce.t.*)

.rel.fini
 *(.rel.fini)

.rela.fini
 *(.rela.fini)

.rel.rodata
 *(.rel.rodata .rel.rodata.* .rel.gnu.linkonce.r.*)

.rela.rodata
 *(.rela.rodata .rela.rodata.* .rela.gnu.linkonce.r.*)

.rel.data
 *(.rel.data .rel.data.* .rel.gnu.linkonce.d.*)

.rela.data
 *(.rela.data .rela.data.* .rela.gnu.linkonce.d.*)

.rel.tdata
 *(.rel.tdata .rel.tdata.* .rel.gnu.linkonce.td.*)

.rela.tdata
 *(.rela.tdata .rela.tdata.* .rela.gnu.linkonce.td.*)

.rel.tbss
 *(.rel.tbss .rel.tbss.* .rel.gnu.linkonce.tb.*)

.rela.tbss
 *(.rela.tbss .rela.tbss.* .rela.gnu.linkonce.tb.*)

.rel.ctors
 *(.rel.ctors)

.rela.ctors
 *(.rela.ctors)

.rel.dtors
 *(.rel.dtors)

.rela.dtors
 *(.rela.dtors)

.rel.got
 *(.rel.got)

.rela.got
 *(.rela.got)

.rela.got1
 *(.rela.got1)

.rela.got2
 *(.rela.got2)

.rel.sdata
 *(.rel.sdata .rel.sdata.* .rel.gnu.linkonce.s.*)

.rela.sdata
 *(.rela.sdata .rela.sdata.* .rela.gnu.linkonce.s.*)

.rel.sbss
 *(.rel.sbss .rel.sbss.* .rel.gnu.linkonce.sb.*)

.rela.sbss
 *(.rela.sbss .rela.sbss.* .rel.gnu.linkonce.sb.*)

.rel.sdata2
 *(.rel.sdata2 .rel.sdata2.* .rel.gnu.linkonce.s2.*)

.rela.sdata2
 *(.rela.sdata2 .rela.sdata2.* .rela.gnu.linkonce.s2.*)

.rel.sbss2
 *(.rel.sbss2 .rel.sbss2.* .rel.gnu.linkonce.sb2.*)

.rela.sbss2
 *(.rela.sbss2 .rela.sbss2.* .rela.gnu.linkonce.sb2.*)

.rel.bss
 *(.rel.bss .rel.bss.* .rel.gnu.linkonce.b.*)

.rela.bss
 *(.rela.bss .rela.bss.* .rela.gnu.linkonce.b.*)

.rel.plt
 *(.rel.plt)

.rela.plt
 *(.rela.plt)

.text           0x0000000080003100      0x280
 *(.text)
 .text          0x0000000080003100       0x58 restgpr_x.o
                0x0000000080003100                _restgpr_14_x
                0x0000000080003104                _restgpr_15_x
                0x0000000080003108                _restgpr_16_x
                0x000000008000310c                _restgpr_17_x
                0x0000000080003110                _restgpr_18_x
                0x0000000080003114                _restgpr_19_x
                0x0000000080003118                _restgpr_20_x
                0x000000008000311c                _restgpr_21_x
                0x0000000080003120                _restgpr_22_x
                0x0000000080003124                _restgpr_23_x
                0x0000000080003128                _restgpr_24_x
                0x000000008000312c                _restgpr_25_x
                0x0000000080003130                _restgpr_26_x
                0x0000000080003134                _restgpr_27_x
                0x0000000080003138                _restgpr_28_x
                0x000000008000313c                _restgpr_29_x
                0x0000000080003140                _restgpr_30_x
                0x0000000080003144                _restgpr_31_x
 *(.text.*)
 .text._Znwj    0x0000000080003158        0xc cxx.o
                0x0000000080003158                _Znwj
 .text._Znaj    0x0000000080003164        0x4 cxx.o
                0x0000000080003164                _Znaj
 .text._ZZN3mod12infinite_pit3Mod4InitEvENUlvE_4_FUNEv
                0x0000000080003168       0x10 mod.o
 .text._ZZN3mod12infinite_pit3Mod4InitEvENUlvE0_4_FUNEv
                0x0000000080003178        0x4 mod.o
 .text._ZN3mod12infinite_pit3Mod4InitEv
                0x000000008000317c       0xc4 mod.o
                0x000000008000317c                _ZN3mod12infinite_pit3Mod4InitEv
 .text.startup._ZN3mod4mainEv
                0x0000000080003240       0x24 mod.o
                0x0000000080003240                _ZN3mod4mainEv
 .text._ZN3mod5patch17clear_DC_IC_CacheEPvj
                0x0000000080003264       0x3c patch.o
                0x0000000080003264                _ZN3mod5patch17clear_DC_IC_CacheEPvj
 .text._ZN3mod5patch15writeBranchMainEPvS1_j
                0x00000000800032a0       0x18 patch.o
                0x00000000800032a0                _ZN3mod5patch15writeBranchMainEPvS1_j
 .text._ZN3mod5patch11writeBranchEPvS1_
                0x00000000800032b8        0x8 patch.o
                0x00000000800032b8                _ZN3mod5patch11writeBranchEPvS1_
 .text._prolog  0x00000000800032c0       0x5c rel.o
                0x00000000800032c0                _prolog
 .text._epilog  0x000000008000331c       0x4c rel.o
                0x000000008000331c                _epilog
 .text._unresolved
                0x0000000080003368        0x4 rel.o
                0x0000000080003368                _unresolved
 *(.gnu.warning)
 *(.gnu.linkonce.t.*)
                0x0000000080003380                . = ALIGN (0x20)
 *fill*         0x000000008000336c       0x14 00000000

.fini           0x0000000080003380        0x0
 *(.fini)
                0x0000000080003380                . = ALIGN (0x20)
                [!provide]                        PROVIDE (__etext = .)
                [!provide]                        PROVIDE (_etext = .)
                [!provide]                        PROVIDE (etext = .)

.rodata
 *(.rodata)
 *(.rodata.*)
 *(.gnu.linkonce.r.*)

.rodata1
 *(.rodata1)

.sdata2         0x0000000080003380        0x0
                [!provide]                        PROVIDE (_SDA2_BASE_ = .)
 *(.sdata2)
 *(.sdata2.*)
 *(.gnu.linkonce.s2.*)

.sbss2
 *(.sbss2)
 *(.sbss2.*)
 *(.gnu.linkonce.sb2.*)
                0x0000000080003380                . = ALIGN (0x4)
                [!provide]                        PROVIDE (__preinit_array_start = .)

.preinit_array
 *(.preinit_array)
                [!provide]                        PROVIDE (__preinit_array_end = .)
                [!provide]                        PROVIDE (__init_array_start = .)

.init_array
 *(.init_array)
                [!provide]                        PROVIDE (__init_array_end = .)
                [!provide]                        PROVIDE (__fini_array_start = .)

.fini_array
 *(.fini_array)
                [!provide]                        PROVIDE (__fini_array_end = .)

.data           0x0000000080003380        0x0
 *(.data)
 *(.data.*)
 *(.gnu.linkonce.d.*)
                0x0000000080003380                . = ALIGN (0x20)

.data1
 *(.data1)

.tdata
 *(.tdata .tdata.* .gnu.linkonce.td.*)

.tbss
 *(.tbss .tbss.* .gnu.linkonce.tb.*)
 *(.tcommon)

.eh_frame       0x0000000080003380      0x19c
 *(.eh_frame)
 .eh_frame      0x0000000080003380        0x0 common_functions.o
                                        0x194 (size before relaxing)
 .eh_frame      0x0000000080003380        0x0 common_ui.o
                                        0x110 (size before relaxing)
 .eh_frame      0x0000000080003380       0x3c cxx.o
                                         0x64 (size before relaxing)
 .eh_frame      0x00000000800033bc        0x0 keyboard.o
                                         0xcc (size before relaxing)
 .eh_frame      0x00000000800033bc       0x80 mod.o
                                         0xd0 (size before relaxing)
 .eh_frame      0x000000008000343c        0x0 mod_debug.o
                                         0xc8 (size before relaxing)
 .eh_frame      0x000000008000343c       0x64 patch.o
                                        0x150 (size before relaxing)
 .eh_frame      0x00000000800034a0       0x7c rel.o
 .eh_frame      0x000000008000351c        0x0 c:/devkitpro/devkitppc/bin/../lib/gcc/powerpc-eabi/12.1.0\libgcc.a(_lshrdi3.o)
                                         0x28 (size before relaxing)
 .eh_frame      0x000000008000351c        0x0 c:/devkitpro/devkitppc/bin/../lib/gcc/powerpc-eabi/12.1.0\libgcc.a(_divdi3.o)
                                         0x38 (size before relaxing)
 .eh_frame      0x000000008000351c        0x0 c:/devkitpro/devkitppc/bin/../lib/gcc/powerpc-eabi/12.1.0\libgcc.a(_moddi3.o)
                                         0x40 (size before relaxing)
 .eh_frame      0x000000008000351c        0x0 c:/devkitpro/devkitppc/bin/../lib/gcc/powerpc-eabi/12.1.0\libgcc.a(_udivdi3.o)
                                         0x48 (size before relaxing)
 .eh_frame      0x000000008000351c        0x0 c:/devkitpro/devkitppc/bin/../lib/gcc/powerpc-eabi/12.1.0\libgcc.a(_umoddi3.o)
                                         0x50 (size before relaxing)
 .eh_frame      0x000000008000351c        0x0 c:/devkitpro/devkitppc/bin/../lib/gcc/powerpc-eabi/12.1.0\libgcc.a(crtsavfpr.o)
                                         0x28 (size before relaxing)

.gcc_except_table
 *(.gcc_except_table)

.fixup
 *(.fixup)

.got1
 *(.got1)

.got2
 *(.got2)

.dynamic
 *(.dynamic)

.ctors          0x000000008000351c        0x4
 *crtbegin.o(.ctors)
 *(EXCLUDE_FILE(*crtend.o) .ctors)
 *(SORT_BY_NAME(.ctors.*))
 *(.ctors)
                0x0000000080003520                . = ALIGN (0x20)
 *fill*         0x000000008000351c        0x4 

.dtors          0x0000000080003520        0x0
 *crtbegin.o(.dtors)
 *(EXCLUDE_FILE(*crtend.o) .dtors)
 *(SORT_BY_NAME(.dtors.*))
 *(.dtors)
                0x0000000080003520                . = ALIGN (0x20)

.jcr
 *(.jcr)

.got
 *(.got.plt)
 *(.got)

.sdata          0x0000000080003520        0x0
                [!provide]                        PROVIDE (_SDA_BASE_ = .)
 *(.sdata)
 *(.sdata.*)
 *(.gnu.linkonce.s.*)
                0x0000000080003520                . = ALIGN (0x20)
                0x0000000080003520                _edata = .
                [!provide]                        PROVIDE (edata = .)

.sbss           0x0000000080003520        0x0
                0x0000000080003520                __sbss_start = .
                [!provide]                        PROVIDE (__sbss_start = .)
                [!provide]                        PROVIDE (___sbss_start = .)
 *(.dynsbss)
 *(.sbss)
 *(.sbss.*)
 *(.gnu.linkonce.sb.*)
 *(.scommon)
                [!provide]                        PROVIDE (__sbss_end = .)
                [!provide]                        PROVIDE (___sbss_end = .)
                0x0000000080003520                . = ALIGN (0x20)
                0x0000000080003520                __sbss_end = .

.bss            0x0000000080003520       0x20
                0x0000000080003520                __bss_start = .
                [!provide]                        PROVIDE (__bss_start = .)
 *(.dynbss)
 *(.bss)
 *(.bss.*)
 .bss._ZN3mod12infinite_pit12_GLOBAL__N_123marioStMain_trampoline_E
                0x0000000080003520        0x4 mod.o
 .bss._ZN3mod12infinite_pit5g_ModE
                0x0000000080003524        0x4 mod.o
                0x0000000080003524                _ZN3mod12infinite_pit5g_ModE
 *(.gnu.linkonce.b.*)
 *(COMMON)
                0x0000000080003540                . = ALIGN (0x20)
 *fill*         0x0000000080003528       0x18 
                [!provide]                        PROVIDE (__bss_end = .)
                0x0000000080003540                __bss_end = .
                0x0000000080003540                _end = .
                [!provide]                        PROVIDE (end = .)

.stab
 *(.stab)

.stabstr
 *(.stabstr)

.stab.excl
 *(.stab.excl)

.stab.exclstr
 *(.stab.exclstr)

.stab.index
 *(.stab.index)

.stab.indexstr
 *(.stab.indexstr)

.comment        0x0000000000000000      0x1d4
 *(.comment)
 .comment       0x0000000000000000       0x24 common_functions.o
 .comment       0x0000000000000024       0x24 common_ui.o
 .comment       0x0000000000000048       0x24 cxx.o
 .comment       0x000000000000006c       0x24 keyboard.o
 .comment       0x0000000000000090       0x24 mod.o
 .comment       0x00000000000000b4       0x24 mod_debug.o
 .comment       0x00000000000000d8       0x24 patch.o
 .comment       0x00000000000000fc       0x24 rel.o
 .comment       0x0000000000000120       0x24 c:/devkitpro/devkitppc/bin/../lib/gcc/powerpc-eabi/12.1.0\libgcc.a(_lshrdi3.o)
 .comment       0x0000000000000144       0x24 c:/devkitpro/devkitppc/bin/../lib/gcc/powerpc-eabi/12.1.0\libgcc.a(_divdi3.o)
 .comment       0x0000000000000168       0x24 c:/devkitpro/devkitppc/bin/../lib/gcc/powerpc-eabi/12.1.0\libgcc.a(_moddi3.o)
 .comment       0x000000000000018c       0x24 c:/devkitpro/devkitppc/bin/../lib/gcc/powerpc-eabi/12.1.0\libgcc.a(_udivdi3.o)
 .comment       0x00000000000001b0       0x24 c:/devkitpro/devkitppc/bin/../lib/gcc/powerpc-eabi/12.1.0\libgcc.a(_umoddi3.o)

.gnu.attributes
                0x0000000000000000       0x10
 .gnu.attributes
                0x0000000000000000       0x10 common_ui.o
 .gnu.attributes
                0x0000000000000010       0x10 mod_debug.o

.debug
 *(.debug)

.line
 *(.line)

.debug_srcinfo
 *(.debug_srcinfo)

.debug_sfnames
 *(.debug_sfnames)

.debug_aranges  0x0000000000000000      0x270
 *(.debug_aranges)
 .debug_aranges
                0x0000000000000000       0x88 common_functions.o
 .debug_aranges
                0x0000000000000088       0x48 common_ui.o
 .debug_aranges
                0x00000000000000d0       0x38 cxx.o
 .debug_aranges
                0x0000000000000108       0x40 keyboard.o
 .debug_aranges
                0x0000000000000148       0x58 mod.o
 .debug_aranges
                0x00000000000001a0       0x38 mod_debug.o
 .debug_aranges
                0x00000000000001d8       0x68 patch.o
 .debug_aranges
                0x0000000000000240       0x30 rel.o

.debug_pubnames
 *(.debug_pubnames)

.debug_info     0x0000000000000000     0x90cb
 *(.debug_info)
 .debug_info    0x0000000000000000     0x228c common_functions.o
 .debug_info    0x000000000000228c      0xed9 common_ui.o
 .debug_info    0x0000000000003165      0x364 cxx.o
 .debug_info    0x00000000000034c9      0xeab keyboard.o
 .debug_info    0x0000000000004374      0xf95 mod.o
 .debug_info    0x0000000000005309     0x30a9 mod_debug.o
 .debug_info    0x00000000000083b2      0xc16 patch.o
 .debug_info    0x0000000000008fc8      0x103 rel.o

.debug_abbrev   0x0000000000000000     0x1940
 *(.debug_abbrev)
 .debug_abbrev  0x0000000000000000      0x489 common_functions.o
 .debug_abbrev  0x0000000000000489      0x2f7 common_ui.o
 .debug_abbrev  0x0000000000000780      0x170 cxx.o
 .debug_abbrev  0x00000000000008f0      0x374 keyboard.o
 .debug_abbrev  0x0000000000000c64      0x460 mod.o
 .debug_abbrev  0x00000000000010c4      0x5d4 mod_debug.o
 .debug_abbrev  0x0000000000001698      0x1b8 patch.o
 .debug_abbrev  0x0000000000001850       0xf0 rel.o

.debug_line     0x0000000000000000     0x2779
 *(.debug_line)
 .debug_line    0x0000000000000000      0x752 common_functions.o
 .debug_line    0x0000000000000752      0x527 common_ui.o
 .debug_line    0x0000000000000c79      0x1ed cxx.o
 .debug_line    0x0000000000000e66      0x573 keyboard.o
 .debug_line    0x00000000000013d9      0x412 mod.o
 .debug_line    0x00000000000017eb      0xa61 mod_debug.o
 .debug_line    0x000000000000224c      0x3d6 patch.o
 .debug_line    0x0000000000002622      0x157 rel.o

.debug_frame
 *(.debug_frame)

.debug_str      0x0000000000000000     0x69fa
 *(.debug_str)
 .debug_str     0x0000000000000000     0x125d common_functions.o
 .debug_str     0x000000000000125d      0x75c common_ui.o
 .debug_str     0x00000000000019b9      0x372 cxx.o
 .debug_str     0x0000000000001d2b      0x9fb keyboard.o
 .debug_str     0x0000000000002726      0xcba mod.o
 .debug_str     0x00000000000033e0     0x2dce mod_debug.o
 .debug_str     0x00000000000061ae      0x697 patch.o
 .debug_str     0x0000000000006845      0x1b5 rel.o

.debug_loc
 *(.debug_loc)

.debug_macinfo
 *(.debug_macinfo)

.debug_weaknames
 *(.debug_weaknames)

.debug_funcnames
 *(.debug_funcnames)

.debug_typenames
 *(.debug_typenames)

.debug_varnames
 *(.debug_varnames)
                0x0000000000000000                __isIPL = 0x0
                0x0000000080023540                __stack_addr = ((((__bss_start + SIZEOF (.bss)) + 0x20000) + 0x7) & 0xfffffffffffffff8)
                0x0000000080003540                __stack_end = (__bss_start + SIZEOF (.bss))
                0x0000000080027540                __intrstack_addr = (__stack_addr + 0x4000)
                0x0000000080023540                __intrstack_end = __stack_addr
                0x0000000080027540                __Arena1Lo = ((__intrstack_addr + 0x1f) & 0xffffffffffffffe0)
                0x00000000817feff0                __Arena1Hi = 0x817feff0
                0x00000000817ff000                __gxregs = ((__Arena1Hi + 0x1f) & 0xffffffffffffffe0)
                [!provide]                        PROVIDE (__stack = 0x817feff0)
                [!provide]                        PROVIDE (__isIPL = __isIPL)
                [!provide]                        PROVIDE (__stack_addr = __stack_addr)
                [!provide]                        PROVIDE (__stack_end = __stack_end)
                [!provide]                        PROVIDE (__intrstack_addr = __intrstack_addr)
                [!provide]                        PROVIDE (__intrstack_end = __intrstack_end)
                [!provide]                        PROVIDE (__Arena1Lo = __Arena1Lo)
                [!provide]                        PROVIDE (__Arena1Hi = __Arena1Hi)
                [!provide]                        PROVIDE (__gxregs = __gxregs)
LOAD C:/Users/Rainchus/Desktop/TTYD_Modding/ttyd-tools/rel/source/cxx.ld
                0x000000008000351c                _ctors_start = ADDR (.ctors)
                0x0000000080003520                _ctors_end = (_ctors_start + SIZEOF (.ctors))
                0x0000000080003520                _dtors_start = ADDR (.dtors)
                0x0000000080003520                _dtors_end = (_dtors_start + SIZEOF (.dtors))
LOAD common_functions.o
LOAD common_ui.o
LOAD cxx.o
LOAD keyboard.o
LOAD mod.o
LOAD mod_debug.o
LOAD patch.o
LOAD rel.o
LOAD action_menu_patches.o
LOAD audience_item_patches.o
LOAD audience_level_patches.o
LOAD battle_end_patches.o
LOAD charlieton_patches.o
LOAD crash_handler_patches.o
LOAD danger_threshold_patches.o
LOAD eff_updown_disp_patches.o
LOAD enemy_sampling_patches.o
LOAD evasion_badge_patches.o
LOAD held_item_disp_patches.o
LOAD map_change_patches.o
LOAD menu_patches.o
LOAD pouch_alloc_patches.o
LOAD rush_badge_patches.o
LOAD special_move_patches.o
LOAD star_power_patches.o
LOAD status_window_patches.o
LOAD tattle_disp_patches.o
LOAD restfpr_x.o
LOAD restgpr_x.o
LOAD c:/devkitpro/devkitppc/bin/../lib/gcc/powerpc-eabi/12.1.0/../../../../powerpc-eabi/lib\libm.a
LOAD c:/devkitpro/devkitppc/bin/../lib/gcc/powerpc-eabi/12.1.0\libgcc.a
OUTPUT(C:/Users/Rainchus/Desktop/TTYD_Modding/ttyd-tools/rel/rel.us.elf elf32-powerpc)

.debug_loclists
                0x0000000000000000     0x10d5
 .debug_loclists
                0x0000000000000000      0x3a7 common_functions.o
 .debug_loclists
                0x00000000000003a7      0x475 common_ui.o
 .debug_loclists
                0x000000000000081c       0x48 cxx.o
 .debug_loclists
                0x0000000000000864      0x15a keyboard.o
 .debug_loclists
                0x00000000000009be       0x62 mod.o
 .debug_loclists
                0x0000000000000a20      0x275 mod_debug.o
 .debug_loclists
                0x0000000000000c95      0x3f3 patch.o
 .debug_loclists
                0x0000000000001088       0x4d rel.o

.debug_rnglists
                0x0000000000000000      0x347
 .debug_rnglists
                0x0000000000000000       0x8d common_functions.o
 .debug_rnglists
                0x000000000000008d       0x6a common_ui.o
 .debug_rnglists
                0x00000000000000f7       0x25 cxx.o
 .debug_rnglists
                0x000000000000011c       0xa7 keyboard.o
 .debug_rnglists
                0x00000000000001c3       0x50 mod.o
 .debug_rnglists
                0x0000000000000213       0xae mod_debug.o
 .debug_rnglists
                0x00000000000002c1       0x49 patch.o
 .debug_rnglists
                0x000000000000030a       0x3d rel.o
